[    6021ms] [INFO] %cDownload the React DevTools for a better development experience: https://react.dev/link/react-devtools font-weight:bold @ webpack-internal:///(app-pages-browser)/./node_modules/next/dist/compiled/react-dom/cjs/react-dom-client.development.js:25630
[    6206ms] [WARNING] ./src/index.scss.webpack[javascript/auto]!=!./node_modules/next/dist/build/webpack/loaders/css-loader/src/index.js??ruleSet[1].rules[14].oneOf[11].use[2]!./node_modules/next/dist/build/webpack/loaders/postcss-loader/src/index.js??ruleSet[1].rules[14].oneOf[11].use[3]!./node_modules/next/dist/build/webpack/loaders/resolve-url-loader/index.js??ruleSet[1].rules[14].oneOf[11].use[4]!./node_modules/next/dist/compiled/sass-loader/cjs.js??ruleSet[1].rules[14].oneOf[11].use[5]!./src/index.scss
Deprecation Warning on line 0, column 8 of file:///Users/vlady/Projects/excelero/exelero-yachting/src/index.scss:0:8:
Sass @import rules are deprecated and will be removed in Dart Sass 3.0.0.

More info and automated migrator: https://sass-lang.com/d/import

0 | @import "../public/assets/scss/app.scss";

src/index.scss 1:9  root stylesheet @ webpack-internal:///(app-pages-browser)/./node_modules/next/dist/client/dev/hot-reloader/app/hot-reloader-app.js:241
[    6206ms] [WARNING] ./src/index.scss.webpack[javascript/auto]!=!./node_modules/next/dist/build/webpack/loaders/css-loader/src/index.js??ruleSet[1].rules[14].oneOf[11].use[2]!./node_modules/next/dist/build/webpack/loaders/postcss-loader/src/index.js??ruleSet[1].rules[14].oneOf[11].use[3]!./node_modules/next/dist/build/webpack/loaders/resolve-url-loader/index.js??ruleSet[1].rules[14].oneOf[11].use[4]!./node_modules/next/dist/compiled/sass-loader/cjs.js??ruleSet[1].rules[14].oneOf[11].use[5]!./src/index.scss
Deprecation Warning on line 5, column 8 of file:///Users/vlady/Projects/excelero/exelero-yachting/public/assets/scss/app.scss:5:8:
Sass @import rules are deprecated and will be removed in Dart Sass 3.0.0.

More info and automated migrator: https://sass-lang.com/d/import

5 | @import "swiper/css";

public/assets/scss/app.scss 6:9  @import
src/index.scss 1:9               root stylesheet @ webpack-internal:///(app-pages-browser)/./node_modules/next/dist/client/dev/hot-reloader/app/hot-reloader-app.js:241
[    6206ms] [WARNING] ./src/index.scss.webpack[javascript/auto]!=!./node_modules/next/dist/build/webpack/loaders/css-loader/src/index.js??ruleSet[1].rules[14].oneOf[11].use[2]!./node_modules/next/dist/build/webpack/loaders/postcss-loader/src/index.js??ruleSet[1].rules[14].oneOf[11].use[3]!./node_modules/next/dist/build/webpack/loaders/resolve-url-loader/index.js??ruleSet[1].rules[14].oneOf[11].use[4]!./node_modules/next/dist/compiled/sass-loader/cjs.js??ruleSet[1].rules[14].oneOf[11].use[5]!./src/index.scss
Deprecation Warning on line 6, column 8 of file:///Users/vlady/Projects/excelero/exelero-yachting/public/assets/scss/app.scss:6:8:
Sass @import rules are deprecated and will be removed in Dart Sass 3.0.0.

More info and automated migrator: https://sass-lang.com/d/import

6 | @import "swiper/css/pagination";

public/assets/scss/app.scss 7:9  @import
src/index.scss 1:9               root stylesheet @ webpack-internal:///(app-pages-browser)/./node_modules/next/dist/client/dev/hot-reloader/app/hot-reloader-app.js:241
[    6206ms] [WARNING] ./src/index.scss.webpack[javascript/auto]!=!./node_modules/next/dist/build/webpack/loaders/css-loader/src/index.js??ruleSet[1].rules[14].oneOf[11].use[2]!./node_modules/next/dist/build/webpack/loaders/postcss-loader/src/index.js??ruleSet[1].rules[14].oneOf[11].use[3]!./node_modules/next/dist/build/webpack/loaders/resolve-url-loader/index.js??ruleSet[1].rules[14].oneOf[11].use[4]!./node_modules/next/dist/compiled/sass-loader/cjs.js??ruleSet[1].rules[14].oneOf[11].use[5]!./src/index.scss
Deprecation Warning on line 7, column 8 of file:///Users/vlady/Projects/excelero/exelero-yachting/public/assets/scss/app.scss:7:8:
Sass @import rules are deprecated and will be removed in Dart Sass 3.0.0.

More info and automated migrator: https://sass-lang.com/d/import

7 | @import "swiper/css/navigation";

public/assets/scss/app.scss 8:9  @import
src/index.scss 1:9               root stylesheet @ webpack-internal:///(app-pages-browser)/./node_modules/next/dist/client/dev/hot-reloader/app/hot-reloader-app.js:241
[    6206ms] [WARNING] ./src/index.scss.webpack[javascript/auto]!=!./node_modules/next/dist/build/webpack/loaders/css-loader/src/index.js??ruleSet[1].rules[14].oneOf[11].use[2]!./node_modules/next/dist/build/webpack/loaders/postcss-loader/src/index.js??ruleSet[1].rules[14].oneOf[11].use[3]!./node_modules/next/dist/build/webpack/loaders/resolve-url-loader/index.js??ruleSet[1].rules[14].oneOf[11].use[4]!./node_modules/next/dist/compiled/sass-loader/cjs.js??ruleSet[1].rules[14].oneOf[11].use[5]!./src/index.scss
Deprecation Warning on line 8, column 8 of file:///Users/vlady/Projects/excelero/exelero-yachting/public/assets/scss/app.scss:8:8:
Sass @import rules are deprecated and will be removed in Dart Sass 3.0.0.

More info and automated migrator: https://sass-lang.com/d/import

8 | @import "swiper/css/grid";

public/assets/scss/app.scss 9:9  @import
src/index.scss 1:9               root stylesheet @ webpack-internal:///(app-pages-browser)/./node_modules/next/dist/client/dev/hot-reloader/app/hot-reloader-app.js:241
[    6206ms] [WARNING] There were more warnings in other files.
You can find a complete log in the terminal. @ webpack-internal:///(app-pages-browser)/./node_modules/next/dist/client/dev/hot-reloader/app/hot-reloader-app.js:238
[   14974ms] [LOG] [Fast Refresh] rebuilding @ webpack-internal:///(app-pages-browser)/./node_modules/next/dist/client/dev/hot-reloader/app/hot-reloader-app.js:196
[   18362ms] [WARNING] ./src/index.scss.webpack[javascript/auto]!=!./node_modules/next/dist/build/webpack/loaders/css-loader/src/index.js??ruleSet[1].rules[14].oneOf[11].use[2]!./node_modules/next/dist/build/webpack/loaders/postcss-loader/src/index.js??ruleSet[1].rules[14].oneOf[11].use[3]!./node_modules/next/dist/build/webpack/loaders/resolve-url-loader/index.js??ruleSet[1].rules[14].oneOf[11].use[4]!./node_modules/next/dist/compiled/sass-loader/cjs.js??ruleSet[1].rules[14].oneOf[11].use[5]!./src/index.scss
Deprecation Warning on line 0, column 8 of file:///Users/vlady/Projects/excelero/exelero-yachting/src/index.scss:0:8:
Sass @import rules are deprecated and will be removed in Dart Sass 3.0.0.

More info and automated migrator: https://sass-lang.com/d/import

0 | @import "../public/assets/scss/app.scss";

src/index.scss 1:9  root stylesheet

Import trace for requested module:
./src/index.scss.webpack[javascript/auto]!=!./node_modules/next/dist/build/webpack/loaders/css-loader/src/index.js??ruleSet[1].rules[14].oneOf[11].use[2]!./node_modules/next/dist/build/webpack/loaders/postcss-loader/src/index.js??ruleSet[1].rules[14].oneOf[11].use[3]!./node_modules/next/dist/build/webpack/loaders/resolve-url-loader/index.js??ruleSet[1].rules[14].oneOf[11].use[4]!./node_modules/next/dist/compiled/sass-loader/cjs.js??ruleSet[1].rules[14].oneOf[11].use[5]!./src/index.scss
./src/index.scss @ webpack-internal:///(app-pages-browser)/./node_modules/next/dist/client/dev/hot-reloader/app/hot-reloader-app.js:241
[   18362ms] [WARNING] ./src/index.scss.webpack[javascript/auto]!=!./node_modules/next/dist/build/webpack/loaders/css-loader/src/index.js??ruleSet[1].rules[14].oneOf[11].use[2]!./node_modules/next/dist/build/webpack/loaders/postcss-loader/src/index.js??ruleSet[1].rules[14].oneOf[11].use[3]!./node_modules/next/dist/build/webpack/loaders/resolve-url-loader/index.js??ruleSet[1].rules[14].oneOf[11].use[4]!./node_modules/next/dist/compiled/sass-loader/cjs.js??ruleSet[1].rules[14].oneOf[11].use[5]!./src/index.scss
Deprecation Warning on line 5, column 8 of file:///Users/vlady/Projects/excelero/exelero-yachting/public/assets/scss/app.scss:5:8:
Sass @import rules are deprecated and will be removed in Dart Sass 3.0.0.

More info and automated migrator: https://sass-lang.com/d/import

5 | @import "swiper/css";

public/assets/scss/app.scss 6:9  @import
src/index.scss 1:9               root stylesheet

Import trace for requested module:
./src/index.scss.webpack[javascript/auto]!=!./node_modules/next/dist/build/webpack/loaders/css-loader/src/index.js??ruleSet[1].rules[14].oneOf[11].use[2]!./node_modules/next/dist/build/webpack/loaders/postcss-loader/src/index.js??ruleSet[1].rules[14].oneOf[11].use[3]!./node_modules/next/dist/build/webpack/loaders/resolve-url-loader/index.js??ruleSet[1].rules[14].oneOf[11].use[4]!./node_modules/next/dist/compiled/sass-loader/cjs.js??ruleSet[1].rules[14].oneOf[11].use[5]!./src/index.scss
./src/index.scss @ webpack-internal:///(app-pages-browser)/./node_modules/next/dist/client/dev/hot-reloader/app/hot-reloader-app.js:241
[   18362ms] [WARNING] ./src/index.scss.webpack[javascript/auto]!=!./node_modules/next/dist/build/webpack/loaders/css-loader/src/index.js??ruleSet[1].rules[14].oneOf[11].use[2]!./node_modules/next/dist/build/webpack/loaders/postcss-loader/src/index.js??ruleSet[1].rules[14].oneOf[11].use[3]!./node_modules/next/dist/build/webpack/loaders/resolve-url-loader/index.js??ruleSet[1].rules[14].oneOf[11].use[4]!./node_modules/next/dist/compiled/sass-loader/cjs.js??ruleSet[1].rules[14].oneOf[11].use[5]!./src/index.scss
Deprecation Warning on line 6, column 8 of file:///Users/vlady/Projects/excelero/exelero-yachting/public/assets/scss/app.scss:6:8:
Sass @import rules are deprecated and will be removed in Dart Sass 3.0.0.

More info and automated migrator: https://sass-lang.com/d/import

6 | @import "swiper/css/pagination";

public/assets/scss/app.scss 7:9  @import
src/index.scss 1:9               root stylesheet

Import trace for requested module:
./src/index.scss.webpack[javascript/auto]!=!./node_modules/next/dist/build/webpack/loaders/css-loader/src/index.js??ruleSet[1].rules[14].oneOf[11].use[2]!./node_modules/next/dist/build/webpack/loaders/postcss-loader/src/index.js??ruleSet[1].rules[14].oneOf[11].use[3]!./node_modules/next/dist/build/webpack/loaders/resolve-url-loader/index.js??ruleSet[1].rules[14].oneOf[11].use[4]!./node_modules/next/dist/compiled/sass-loader/cjs.js??ruleSet[1].rules[14].oneOf[11].use[5]!./src/index.scss
./src/index.scss @ webpack-internal:///(app-pages-browser)/./node_modules/next/dist/client/dev/hot-reloader/app/hot-reloader-app.js:241
[   18362ms] [WARNING] ./src/index.scss.webpack[javascript/auto]!=!./node_modules/next/dist/build/webpack/loaders/css-loader/src/index.js??ruleSet[1].rules[14].oneOf[11].use[2]!./node_modules/next/dist/build/webpack/loaders/postcss-loader/src/index.js??ruleSet[1].rules[14].oneOf[11].use[3]!./node_modules/next/dist/build/webpack/loaders/resolve-url-loader/index.js??ruleSet[1].rules[14].oneOf[11].use[4]!./node_modules/next/dist/compiled/sass-loader/cjs.js??ruleSet[1].rules[14].oneOf[11].use[5]!./src/index.scss
Deprecation Warning on line 7, column 8 of file:///Users/vlady/Projects/excelero/exelero-yachting/public/assets/scss/app.scss:7:8:
Sass @import rules are deprecated and will be removed in Dart Sass 3.0.0.

More info and automated migrator: https://sass-lang.com/d/import

7 | @import "swiper/css/navigation";

public/assets/scss/app.scss 8:9  @import
src/index.scss 1:9               root stylesheet

Import trace for requested module:
./src/index.scss.webpack[javascript/auto]!=!./node_modules/next/dist/build/webpack/loaders/css-loader/src/index.js??ruleSet[1].rules[14].oneOf[11].use[2]!./node_modules/next/dist/build/webpack/loaders/postcss-loader/src/index.js??ruleSet[1].rules[14].oneOf[11].use[3]!./node_modules/next/dist/build/webpack/loaders/resolve-url-loader/index.js??ruleSet[1].rules[14].oneOf[11].use[4]!./node_modules/next/dist/compiled/sass-loader/cjs.js??ruleSet[1].rules[14].oneOf[11].use[5]!./src/index.scss
./src/index.scss @ webpack-internal:///(app-pages-browser)/./node_modules/next/dist/client/dev/hot-reloader/app/hot-reloader-app.js:241
[   18362ms] [WARNING] ./src/index.scss.webpack[javascript/auto]!=!./node_modules/next/dist/build/webpack/loaders/css-loader/src/index.js??ruleSet[1].rules[14].oneOf[11].use[2]!./node_modules/next/dist/build/webpack/loaders/postcss-loader/src/index.js??ruleSet[1].rules[14].oneOf[11].use[3]!./node_modules/next/dist/build/webpack/loaders/resolve-url-loader/index.js??ruleSet[1].rules[14].oneOf[11].use[4]!./node_modules/next/dist/compiled/sass-loader/cjs.js??ruleSet[1].rules[14].oneOf[11].use[5]!./src/index.scss
Deprecation Warning on line 8, column 8 of file:///Users/vlady/Projects/excelero/exelero-yachting/public/assets/scss/app.scss:8:8:
Sass @import rules are deprecated and will be removed in Dart Sass 3.0.0.

More info and automated migrator: https://sass-lang.com/d/import

8 | @import "swiper/css/grid";

public/assets/scss/app.scss 9:9  @import
src/index.scss 1:9               root stylesheet

Import trace for requested module:
./src/index.scss.webpack[javascript/auto]!=!./node_modules/next/dist/build/webpack/loaders/css-loader/src/index.js??ruleSet[1].rules[14].oneOf[11].use[2]!./node_modules/next/dist/build/webpack/loaders/postcss-loader/src/index.js??ruleSet[1].rules[14].oneOf[11].use[3]!./node_modules/next/dist/build/webpack/loaders/resolve-url-loader/index.js??ruleSet[1].rules[14].oneOf[11].use[4]!./node_modules/next/dist/compiled/sass-loader/cjs.js??ruleSet[1].rules[14].oneOf[11].use[5]!./src/index.scss
./src/index.scss @ webpack-internal:///(app-pages-browser)/./node_modules/next/dist/client/dev/hot-reloader/app/hot-reloader-app.js:241
[   18362ms] [WARNING] There were more warnings in other files.
You can find a complete log in the terminal. @ webpack-internal:///(app-pages-browser)/./node_modules/next/dist/client/dev/hot-reloader/app/hot-reloader-app.js:238
[   18385ms] [LOG] [Fast Refresh] done in 3410ms @ webpack-internal:///(app-pages-browser)/./node_modules/next/dist/client/dev/report-hmr-latency.js:13
[   19147ms] [INFO] %cDownload the React DevTools for a better development experience: https://react.dev/link/react-devtools font-weight:bold @ webpack-internal:///(app-pages-browser)/./node_modules/next/dist/compiled/react-dom/cjs/react-dom-client.development.js:25630
[   19221ms] [WARNING] ./src/index.scss.webpack[javascript/auto]!=!./node_modules/next/dist/build/webpack/loaders/css-loader/src/index.js??ruleSet[1].rules[14].oneOf[11].use[2]!./node_modules/next/dist/build/webpack/loaders/postcss-loader/src/index.js??ruleSet[1].rules[14].oneOf[11].use[3]!./node_modules/next/dist/build/webpack/loaders/resolve-url-loader/index.js??ruleSet[1].rules[14].oneOf[11].use[4]!./node_modules/next/dist/compiled/sass-loader/cjs.js??ruleSet[1].rules[14].oneOf[11].use[5]!./src/index.scss
Deprecation Warning on line 0, column 8 of file:///Users/vlady/Projects/excelero/exelero-yachting/src/index.scss:0:8:
Sass @import rules are deprecated and will be removed in Dart Sass 3.0.0.

More info and automated migrator: https://sass-lang.com/d/import

0 | @import "../public/assets/scss/app.scss";

src/index.scss 1:9  root stylesheet @ webpack-internal:///(app-pages-browser)/./node_modules/next/dist/client/dev/hot-reloader/app/hot-reloader-app.js:241
[   19221ms] [WARNING] ./src/index.scss.webpack[javascript/auto]!=!./node_modules/next/dist/build/webpack/loaders/css-loader/src/index.js??ruleSet[1].rules[14].oneOf[11].use[2]!./node_modules/next/dist/build/webpack/loaders/postcss-loader/src/index.js??ruleSet[1].rules[14].oneOf[11].use[3]!./node_modules/next/dist/build/webpack/loaders/resolve-url-loader/index.js??ruleSet[1].rules[14].oneOf[11].use[4]!./node_modules/next/dist/compiled/sass-loader/cjs.js??ruleSet[1].rules[14].oneOf[11].use[5]!./src/index.scss
Deprecation Warning on line 5, column 8 of file:///Users/vlady/Projects/excelero/exelero-yachting/public/assets/scss/app.scss:5:8:
Sass @import rules are deprecated and will be removed in Dart Sass 3.0.0.

More info and automated migrator: https://sass-lang.com/d/import

5 | @import "swiper/css";

public/assets/scss/app.scss 6:9  @import
src/index.scss 1:9               root stylesheet @ webpack-internal:///(app-pages-browser)/./node_modules/next/dist/client/dev/hot-reloader/app/hot-reloader-app.js:241
[   19221ms] [WARNING] ./src/index.scss.webpack[javascript/auto]!=!./node_modules/next/dist/build/webpack/loaders/css-loader/src/index.js??ruleSet[1].rules[14].oneOf[11].use[2]!./node_modules/next/dist/build/webpack/loaders/postcss-loader/src/index.js??ruleSet[1].rules[14].oneOf[11].use[3]!./node_modules/next/dist/build/webpack/loaders/resolve-url-loader/index.js??ruleSet[1].rules[14].oneOf[11].use[4]!./node_modules/next/dist/compiled/sass-loader/cjs.js??ruleSet[1].rules[14].oneOf[11].use[5]!./src/index.scss
Deprecation Warning on line 6, column 8 of file:///Users/vlady/Projects/excelero/exelero-yachting/public/assets/scss/app.scss:6:8:
Sass @import rules are deprecated and will be removed in Dart Sass 3.0.0.

More info and automated migrator: https://sass-lang.com/d/import

6 | @import "swiper/css/pagination";

public/assets/scss/app.scss 7:9  @import
src/index.scss 1:9               root stylesheet @ webpack-internal:///(app-pages-browser)/./node_modules/next/dist/client/dev/hot-reloader/app/hot-reloader-app.js:241
[   19221ms] [WARNING] ./src/index.scss.webpack[javascript/auto]!=!./node_modules/next/dist/build/webpack/loaders/css-loader/src/index.js??ruleSet[1].rules[14].oneOf[11].use[2]!./node_modules/next/dist/build/webpack/loaders/postcss-loader/src/index.js??ruleSet[1].rules[14].oneOf[11].use[3]!./node_modules/next/dist/build/webpack/loaders/resolve-url-loader/index.js??ruleSet[1].rules[14].oneOf[11].use[4]!./node_modules/next/dist/compiled/sass-loader/cjs.js??ruleSet[1].rules[14].oneOf[11].use[5]!./src/index.scss
Deprecation Warning on line 7, column 8 of file:///Users/vlady/Projects/excelero/exelero-yachting/public/assets/scss/app.scss:7:8:
Sass @import rules are deprecated and will be removed in Dart Sass 3.0.0.

More info and automated migrator: https://sass-lang.com/d/import

7 | @import "swiper/css/navigation";

public/assets/scss/app.scss 8:9  @import
src/index.scss 1:9               root stylesheet @ webpack-internal:///(app-pages-browser)/./node_modules/next/dist/client/dev/hot-reloader/app/hot-reloader-app.js:241
[   19221ms] [WARNING] ./src/index.scss.webpack[javascript/auto]!=!./node_modules/next/dist/build/webpack/loaders/css-loader/src/index.js??ruleSet[1].rules[14].oneOf[11].use[2]!./node_modules/next/dist/build/webpack/loaders/postcss-loader/src/index.js??ruleSet[1].rules[14].oneOf[11].use[3]!./node_modules/next/dist/build/webpack/loaders/resolve-url-loader/index.js??ruleSet[1].rules[14].oneOf[11].use[4]!./node_modules/next/dist/compiled/sass-loader/cjs.js??ruleSet[1].rules[14].oneOf[11].use[5]!./src/index.scss
Deprecation Warning on line 8, column 8 of file:///Users/vlady/Projects/excelero/exelero-yachting/public/assets/scss/app.scss:8:8:
Sass @import rules are deprecated and will be removed in Dart Sass 3.0.0.

More info and automated migrator: https://sass-lang.com/d/import

8 | @import "swiper/css/grid";

public/assets/scss/app.scss 9:9  @import
src/index.scss 1:9               root stylesheet @ webpack-internal:///(app-pages-browser)/./node_modules/next/dist/client/dev/hot-reloader/app/hot-reloader-app.js:241
[   19221ms] [WARNING] There were more warnings in other files.
You can find a complete log in the terminal. @ webpack-internal:///(app-pages-browser)/./node_modules/next/dist/client/dev/hot-reloader/app/hot-reloader-app.js:238
[   20042ms] [LOG] [Fast Refresh] rebuilding @ webpack-internal:///(app-pages-browser)/./node_modules/next/dist/client/dev/hot-reloader/app/hot-reloader-app.js:196
[   21215ms] [LOG] [Fast Refresh] done in 1173ms @ webpack-internal:///(app-pages-browser)/./node_modules/next/dist/client/dev/report-hmr-latency.js:13
