[    5830ms] [INFO] %cDownload the React DevTools for a better development experience: https://react.dev/link/react-devtools font-weight:bold @ webpack-internal:///(app-pages-browser)/./node_modules/next/dist/compiled/react-dom/cjs/react-dom-client.development.js:25630
[    5946ms] [WARNING] ./src/index.scss.webpack[javascript/auto]!=!./node_modules/next/dist/build/webpack/loaders/css-loader/src/index.js??ruleSet[1].rules[14].oneOf[11].use[2]!./node_modules/next/dist/build/webpack/loaders/postcss-loader/src/index.js??ruleSet[1].rules[14].oneOf[11].use[3]!./node_modules/next/dist/build/webpack/loaders/resolve-url-loader/index.js??ruleSet[1].rules[14].oneOf[11].use[4]!./node_modules/next/dist/compiled/sass-loader/cjs.js??ruleSet[1].rules[14].oneOf[11].use[5]!./src/index.scss
Deprecation Warning on line 0, column 8 of file:///Users/vlady/Projects/excelero/exelero-yachting/src/index.scss:0:8:
Sass @import rules are deprecated and will be removed in Dart Sass 3.0.0.

More info and automated migrator: https://sass-lang.com/d/import

0 | @import "../public/assets/scss/app.scss";

src/index.scss 1:9  root stylesheet @ webpack-internal:///(app-pages-browser)/./node_modules/next/dist/client/dev/hot-reloader/app/hot-reloader-app.js:241
[    5946ms] [WARNING] ./src/index.scss.webpack[javascript/auto]!=!./node_modules/next/dist/build/webpack/loaders/css-loader/src/index.js??ruleSet[1].rules[14].oneOf[11].use[2]!./node_modules/next/dist/build/webpack/loaders/postcss-loader/src/index.js??ruleSet[1].rules[14].oneOf[11].use[3]!./node_modules/next/dist/build/webpack/loaders/resolve-url-loader/index.js??ruleSet[1].rules[14].oneOf[11].use[4]!./node_modules/next/dist/compiled/sass-loader/cjs.js??ruleSet[1].rules[14].oneOf[11].use[5]!./src/index.scss
Deprecation Warning on line 5, column 8 of file:///Users/vlady/Projects/excelero/exelero-yachting/public/assets/scss/app.scss:5:8:
Sass @import rules are deprecated and will be removed in Dart Sass 3.0.0.

More info and automated migrator: https://sass-lang.com/d/import

5 | @import "swiper/css";

public/assets/scss/app.scss 6:9  @import
src/index.scss 1:9               root stylesheet @ webpack-internal:///(app-pages-browser)/./node_modules/next/dist/client/dev/hot-reloader/app/hot-reloader-app.js:241
[    5946ms] [WARNING] ./src/index.scss.webpack[javascript/auto]!=!./node_modules/next/dist/build/webpack/loaders/css-loader/src/index.js??ruleSet[1].rules[14].oneOf[11].use[2]!./node_modules/next/dist/build/webpack/loaders/postcss-loader/src/index.js??ruleSet[1].rules[14].oneOf[11].use[3]!./node_modules/next/dist/build/webpack/loaders/resolve-url-loader/index.js??ruleSet[1].rules[14].oneOf[11].use[4]!./node_modules/next/dist/compiled/sass-loader/cjs.js??ruleSet[1].rules[14].oneOf[11].use[5]!./src/index.scss
Deprecation Warning on line 6, column 8 of file:///Users/vlady/Projects/excelero/exelero-yachting/public/assets/scss/app.scss:6:8:
Sass @import rules are deprecated and will be removed in Dart Sass 3.0.0.

More info and automated migrator: https://sass-lang.com/d/import

6 | @import "swiper/css/pagination";

public/assets/scss/app.scss 7:9  @import
src/index.scss 1:9               root stylesheet @ webpack-internal:///(app-pages-browser)/./node_modules/next/dist/client/dev/hot-reloader/app/hot-reloader-app.js:241
[    5947ms] [WARNING] ./src/index.scss.webpack[javascript/auto]!=!./node_modules/next/dist/build/webpack/loaders/css-loader/src/index.js??ruleSet[1].rules[14].oneOf[11].use[2]!./node_modules/next/dist/build/webpack/loaders/postcss-loader/src/index.js??ruleSet[1].rules[14].oneOf[11].use[3]!./node_modules/next/dist/build/webpack/loaders/resolve-url-loader/index.js??ruleSet[1].rules[14].oneOf[11].use[4]!./node_modules/next/dist/compiled/sass-loader/cjs.js??ruleSet[1].rules[14].oneOf[11].use[5]!./src/index.scss
Deprecation Warning on line 7, column 8 of file:///Users/vlady/Projects/excelero/exelero-yachting/public/assets/scss/app.scss:7:8:
Sass @import rules are deprecated and will be removed in Dart Sass 3.0.0.

More info and automated migrator: https://sass-lang.com/d/import

7 | @import "swiper/css/navigation";

public/assets/scss/app.scss 8:9  @import
src/index.scss 1:9               root stylesheet @ webpack-internal:///(app-pages-browser)/./node_modules/next/dist/client/dev/hot-reloader/app/hot-reloader-app.js:241
[    5947ms] [WARNING] ./src/index.scss.webpack[javascript/auto]!=!./node_modules/next/dist/build/webpack/loaders/css-loader/src/index.js??ruleSet[1].rules[14].oneOf[11].use[2]!./node_modules/next/dist/build/webpack/loaders/postcss-loader/src/index.js??ruleSet[1].rules[14].oneOf[11].use[3]!./node_modules/next/dist/build/webpack/loaders/resolve-url-loader/index.js??ruleSet[1].rules[14].oneOf[11].use[4]!./node_modules/next/dist/compiled/sass-loader/cjs.js??ruleSet[1].rules[14].oneOf[11].use[5]!./src/index.scss
Deprecation Warning on line 8, column 8 of file:///Users/vlady/Projects/excelero/exelero-yachting/public/assets/scss/app.scss:8:8:
Sass @import rules are deprecated and will be removed in Dart Sass 3.0.0.

More info and automated migrator: https://sass-lang.com/d/import

8 | @import "swiper/css/grid";

public/assets/scss/app.scss 9:9  @import
src/index.scss 1:9               root stylesheet @ webpack-internal:///(app-pages-browser)/./node_modules/next/dist/client/dev/hot-reloader/app/hot-reloader-app.js:241
[    5947ms] [WARNING] There were more warnings in other files.
You can find a complete log in the terminal. @ webpack-internal:///(app-pages-browser)/./node_modules/next/dist/client/dev/hot-reloader/app/hot-reloader-app.js:238
[   53552ms] [LOG] [Fast Refresh] rebuilding @ webpack-internal:///(app-pages-browser)/./node_modules/next/dist/client/dev/hot-reloader/app/hot-reloader-app.js:196
[   57967ms] [WARNING] ./src/components/pages/others/userDashboard/AdminShell.module.scss.webpack[javascript/auto]!=!./node_modules/next/dist/build/webpack/loaders/css-loader/src/index.js??ruleSet[1].rules[14].oneOf[7].use[2]!./node_modules/next/dist/build/webpack/loaders/postcss-loader/src/index.js??ruleSet[1].rules[14].oneOf[7].use[3]!./node_modules/next/dist/build/webpack/loaders/resolve-url-loader/index.js??ruleSet[1].rules[14].oneOf[7].use[4]!./node_modules/next/dist/compiled/sass-loader/cjs.js??ruleSet[1].rules[14].oneOf[7].use[5]!./src/components/pages/others/userDashboard/AdminShell.module.scss
Warning

(281:3) autoprefixer: end value has mixed support, consider using flex-end instead

Import trace for requested module:
./src/components/pages/others/userDashboard/AdminShell.module.scss.webpack[javascript/auto]!=!./node_modules/next/dist/build/webpack/loaders/css-loader/src/index.js??ruleSet[1].rules[14].oneOf[7].use[2]!./node_modules/next/dist/build/webpack/loaders/postcss-loader/src/index.js??ruleSet[1].rules[14].oneOf[7].use[3]!./node_modules/next/dist/build/webpack/loaders/resolve-url-loader/index.js??ruleSet[1].rules[14].oneOf[7].use[4]!./node_modules/next/dist/compiled/sass-loader/cjs.js??ruleSet[1].rules[14].oneOf[7].use[5]!./src/components/pages/others/userDashboard/AdminShell.module.scss
./src/components/pages/others/userDashboard/AdminShell.module.scss
./src/components/pages/others/userDashboard/index.tsx @ webpack-internal:///(app-pages-browser)/./node_modules/next/dist/client/dev/hot-reloader/app/hot-reloader-app.js:241
[   57967ms] [WARNING] ./src/components/pages/others/userDashboard/tracking/TrackingDashboard.module.scss.webpack[javascript/auto]!=!./node_modules/next/dist/build/webpack/loaders/css-loader/src/index.js??ruleSet[1].rules[14].oneOf[7].use[2]!./node_modules/next/dist/build/webpack/loaders/postcss-loader/src/index.js??ruleSet[1].rules[14].oneOf[7].use[3]!./node_modules/next/dist/build/webpack/loaders/resolve-url-loader/index.js??ruleSet[1].rules[14].oneOf[7].use[4]!./node_modules/next/dist/compiled/sass-loader/cjs.js??ruleSet[1].rules[14].oneOf[7].use[5]!./src/components/pages/others/userDashboard/tracking/TrackingDashboard.module.scss
Warning

(114:3) autoprefixer: end value has mixed support, consider using flex-end instead

Import trace for requested module:
./src/components/pages/others/userDashboard/tracking/TrackingDashboard.module.scss.webpack[javascript/auto]!=!./node_modules/next/dist/build/webpack/loaders/css-loader/src/index.js??ruleSet[1].rules[14].oneOf[7].use[2]!./node_modules/next/dist/build/webpack/loaders/postcss-loader/src/index.js??ruleSet[1].rules[14].oneOf[7].use[3]!./node_modules/next/dist/build/webpack/loaders/resolve-url-loader/index.js??ruleSet[1].rules[14].oneOf[7].use[4]!./node_modules/next/dist/compiled/sass-loader/cjs.js??ruleSet[1].rules[14].oneOf[7].use[5]!./src/components/pages/others/userDashboard/tracking/TrackingDashboard.module.scss
./src/components/pages/others/userDashboard/tracking/TrackingDashboard.module.scss
./src/components/pages/others/userDashboard/tracking/TrackingDashboard.tsx
./src/components/pages/others/userDashboard/dashboardTabs/index.tsx
./src/components/pages/others/userDashboard/index.tsx @ webpack-internal:///(app-pages-browser)/./node_modules/next/dist/client/dev/hot-reloader/app/hot-reloader-app.js:241
[   57967ms] [WARNING] ./src/components/pages/others/userDashboard/tracking/TrackingDashboard.module.scss.webpack[javascript/auto]!=!./node_modules/next/dist/build/webpack/loaders/css-loader/src/index.js??ruleSet[1].rules[14].oneOf[7].use[2]!./node_modules/next/dist/build/webpack/loaders/postcss-loader/src/index.js??ruleSet[1].rules[14].oneOf[7].use[3]!./node_modules/next/dist/build/webpack/loaders/resolve-url-loader/index.js??ruleSet[1].rules[14].oneOf[7].use[4]!./node_modules/next/dist/compiled/sass-loader/cjs.js??ruleSet[1].rules[14].oneOf[7].use[5]!./src/components/pages/others/userDashboard/tracking/TrackingDashboard.module.scss
Warning

(311:3) autoprefixer: start value has mixed support, consider using flex-start instead

Import trace for requested module:
./src/components/pages/others/userDashboard/tracking/TrackingDashboard.module.scss.webpack[javascript/auto]!=!./node_modules/next/dist/build/webpack/loaders/css-loader/src/index.js??ruleSet[1].rules[14].oneOf[7].use[2]!./node_modules/next/dist/build/webpack/loaders/postcss-loader/src/index.js??ruleSet[1].rules[14].oneOf[7].use[3]!./node_modules/next/dist/build/webpack/loaders/resolve-url-loader/index.js??ruleSet[1].rules[14].oneOf[7].use[4]!./node_modules/next/dist/compiled/sass-loader/cjs.js??ruleSet[1].rules[14].oneOf[7].use[5]!./src/components/pages/others/userDashboard/tracking/TrackingDashboard.module.scss
./src/components/pages/others/userDashboard/tracking/TrackingDashboard.module.scss
./src/components/pages/others/userDashboard/tracking/TrackingDashboard.tsx
./src/components/pages/others/userDashboard/dashboardTabs/index.tsx
./src/components/pages/others/userDashboard/index.tsx @ webpack-internal:///(app-pages-browser)/./node_modules/next/dist/client/dev/hot-reloader/app/hot-reloader-app.js:241
[   57967ms] [WARNING] ./src/index.scss.webpack[javascript/auto]!=!./node_modules/next/dist/build/webpack/loaders/css-loader/src/index.js??ruleSet[1].rules[14].oneOf[11].use[2]!./node_modules/next/dist/build/webpack/loaders/postcss-loader/src/index.js??ruleSet[1].rules[14].oneOf[11].use[3]!./node_modules/next/dist/build/webpack/loaders/resolve-url-loader/index.js??ruleSet[1].rules[14].oneOf[11].use[4]!./node_modules/next/dist/compiled/sass-loader/cjs.js??ruleSet[1].rules[14].oneOf[11].use[5]!./src/index.scss
Deprecation Warning on line 0, column 8 of file:///Users/vlady/Projects/excelero/exelero-yachting/src/index.scss:0:8:
Sass @import rules are deprecated and will be removed in Dart Sass 3.0.0.

More info and automated migrator: https://sass-lang.com/d/import

0 | @import "../public/assets/scss/app.scss";

src/index.scss 1:9  root stylesheet

Import trace for requested module:
./src/index.scss.webpack[javascript/auto]!=!./node_modules/next/dist/build/webpack/loaders/css-loader/src/index.js??ruleSet[1].rules[14].oneOf[11].use[2]!./node_modules/next/dist/build/webpack/loaders/postcss-loader/src/index.js??ruleSet[1].rules[14].oneOf[11].use[3]!./node_modules/next/dist/build/webpack/loaders/resolve-url-loader/index.js??ruleSet[1].rules[14].oneOf[11].use[4]!./node_modules/next/dist/compiled/sass-loader/cjs.js??ruleSet[1].rules[14].oneOf[11].use[5]!./src/index.scss
./src/index.scss @ webpack-internal:///(app-pages-browser)/./node_modules/next/dist/client/dev/hot-reloader/app/hot-reloader-app.js:241
[   57967ms] [WARNING] ./src/index.scss.webpack[javascript/auto]!=!./node_modules/next/dist/build/webpack/loaders/css-loader/src/index.js??ruleSet[1].rules[14].oneOf[11].use[2]!./node_modules/next/dist/build/webpack/loaders/postcss-loader/src/index.js??ruleSet[1].rules[14].oneOf[11].use[3]!./node_modules/next/dist/build/webpack/loaders/resolve-url-loader/index.js??ruleSet[1].rules[14].oneOf[11].use[4]!./node_modules/next/dist/compiled/sass-loader/cjs.js??ruleSet[1].rules[14].oneOf[11].use[5]!./src/index.scss
Deprecation Warning on line 5, column 8 of file:///Users/vlady/Projects/excelero/exelero-yachting/public/assets/scss/app.scss:5:8:
Sass @import rules are deprecated and will be removed in Dart Sass 3.0.0.

More info and automated migrator: https://sass-lang.com/d/import

5 | @import "swiper/css";

public/assets/scss/app.scss 6:9  @import
src/index.scss 1:9               root stylesheet

Import trace for requested module:
./src/index.scss.webpack[javascript/auto]!=!./node_modules/next/dist/build/webpack/loaders/css-loader/src/index.js??ruleSet[1].rules[14].oneOf[11].use[2]!./node_modules/next/dist/build/webpack/loaders/postcss-loader/src/index.js??ruleSet[1].rules[14].oneOf[11].use[3]!./node_modules/next/dist/build/webpack/loaders/resolve-url-loader/index.js??ruleSet[1].rules[14].oneOf[11].use[4]!./node_modules/next/dist/compiled/sass-loader/cjs.js??ruleSet[1].rules[14].oneOf[11].use[5]!./src/index.scss
./src/index.scss @ webpack-internal:///(app-pages-browser)/./node_modules/next/dist/client/dev/hot-reloader/app/hot-reloader-app.js:241
[   57967ms] [WARNING] There were more warnings in other files.
You can find a complete log in the terminal. @ webpack-internal:///(app-pages-browser)/./node_modules/next/dist/client/dev/hot-reloader/app/hot-reloader-app.js:238
[   57987ms] [LOG] [Fast Refresh] done in 4434ms @ webpack-internal:///(app-pages-browser)/./node_modules/next/dist/client/dev/report-hmr-latency.js:13
[   58891ms] [INFO] %cDownload the React DevTools for a better development experience: https://react.dev/link/react-devtools font-weight:bold @ webpack-internal:///(app-pages-browser)/./node_modules/next/dist/compiled/react-dom/cjs/react-dom-client.development.js:25630
[   58977ms] [WARNING] ./src/components/pages/others/userDashboard/AdminShell.module.scss.webpack[javascript/auto]!=!./node_modules/next/dist/build/webpack/loaders/css-loader/src/index.js??ruleSet[1].rules[14].oneOf[7].use[2]!./node_modules/next/dist/build/webpack/loaders/postcss-loader/src/index.js??ruleSet[1].rules[14].oneOf[7].use[3]!./node_modules/next/dist/build/webpack/loaders/resolve-url-loader/index.js??ruleSet[1].rules[14].oneOf[7].use[4]!./node_modules/next/dist/compiled/sass-loader/cjs.js??ruleSet[1].rules[14].oneOf[7].use[5]!./src/components/pages/others/userDashboard/AdminShell.module.scss
Warning

(281:3) autoprefixer: end value has mixed support, consider using flex-end instead @ webpack-internal:///(app-pages-browser)/./node_modules/next/dist/client/dev/hot-reloader/app/hot-reloader-app.js:241
[   58977ms] [WARNING] ./src/components/pages/others/userDashboard/tracking/TrackingDashboard.module.scss.webpack[javascript/auto]!=!./node_modules/next/dist/build/webpack/loaders/css-loader/src/index.js??ruleSet[1].rules[14].oneOf[7].use[2]!./node_modules/next/dist/build/webpack/loaders/postcss-loader/src/index.js??ruleSet[1].rules[14].oneOf[7].use[3]!./node_modules/next/dist/build/webpack/loaders/resolve-url-loader/index.js??ruleSet[1].rules[14].oneOf[7].use[4]!./node_modules/next/dist/compiled/sass-loader/cjs.js??ruleSet[1].rules[14].oneOf[7].use[5]!./src/components/pages/others/userDashboard/tracking/TrackingDashboard.module.scss
Warning

(114:3) autoprefixer: end value has mixed support, consider using flex-end instead @ webpack-internal:///(app-pages-browser)/./node_modules/next/dist/client/dev/hot-reloader/app/hot-reloader-app.js:241
[   58977ms] [WARNING] ./src/components/pages/others/userDashboard/tracking/TrackingDashboard.module.scss.webpack[javascript/auto]!=!./node_modules/next/dist/build/webpack/loaders/css-loader/src/index.js??ruleSet[1].rules[14].oneOf[7].use[2]!./node_modules/next/dist/build/webpack/loaders/postcss-loader/src/index.js??ruleSet[1].rules[14].oneOf[7].use[3]!./node_modules/next/dist/build/webpack/loaders/resolve-url-loader/index.js??ruleSet[1].rules[14].oneOf[7].use[4]!./node_modules/next/dist/compiled/sass-loader/cjs.js??ruleSet[1].rules[14].oneOf[7].use[5]!./src/components/pages/others/userDashboard/tracking/TrackingDashboard.module.scss
Warning

(311:3) autoprefixer: start value has mixed support, consider using flex-start instead @ webpack-internal:///(app-pages-browser)/./node_modules/next/dist/client/dev/hot-reloader/app/hot-reloader-app.js:241
[   58977ms] [WARNING] ./src/index.scss.webpack[javascript/auto]!=!./node_modules/next/dist/build/webpack/loaders/css-loader/src/index.js??ruleSet[1].rules[14].oneOf[11].use[2]!./node_modules/next/dist/build/webpack/loaders/postcss-loader/src/index.js??ruleSet[1].rules[14].oneOf[11].use[3]!./node_modules/next/dist/build/webpack/loaders/resolve-url-loader/index.js??ruleSet[1].rules[14].oneOf[11].use[4]!./node_modules/next/dist/compiled/sass-loader/cjs.js??ruleSet[1].rules[14].oneOf[11].use[5]!./src/index.scss
Deprecation Warning on line 0, column 8 of file:///Users/vlady/Projects/excelero/exelero-yachting/src/index.scss:0:8:
Sass @import rules are deprecated and will be removed in Dart Sass 3.0.0.

More info and automated migrator: https://sass-lang.com/d/import

0 | @import "../public/assets/scss/app.scss";

src/index.scss 1:9  root stylesheet @ webpack-internal:///(app-pages-browser)/./node_modules/next/dist/client/dev/hot-reloader/app/hot-reloader-app.js:241
[   58977ms] [WARNING] ./src/index.scss.webpack[javascript/auto]!=!./node_modules/next/dist/build/webpack/loaders/css-loader/src/index.js??ruleSet[1].rules[14].oneOf[11].use[2]!./node_modules/next/dist/build/webpack/loaders/postcss-loader/src/index.js??ruleSet[1].rules[14].oneOf[11].use[3]!./node_modules/next/dist/build/webpack/loaders/resolve-url-loader/index.js??ruleSet[1].rules[14].oneOf[11].use[4]!./node_modules/next/dist/compiled/sass-loader/cjs.js??ruleSet[1].rules[14].oneOf[11].use[5]!./src/index.scss
Deprecation Warning on line 5, column 8 of file:///Users/vlady/Projects/excelero/exelero-yachting/public/assets/scss/app.scss:5:8:
Sass @import rules are deprecated and will be removed in Dart Sass 3.0.0.

More info and automated migrator: https://sass-lang.com/d/import

5 | @import "swiper/css";

public/assets/scss/app.scss 6:9  @import
src/index.scss 1:9               root stylesheet @ webpack-internal:///(app-pages-browser)/./node_modules/next/dist/client/dev/hot-reloader/app/hot-reloader-app.js:241
[   58977ms] [WARNING] There were more warnings in other files.
You can find a complete log in the terminal. @ webpack-internal:///(app-pages-browser)/./node_modules/next/dist/client/dev/hot-reloader/app/hot-reloader-app.js:238
[   59887ms] [LOG] [Fast Refresh] rebuilding @ webpack-internal:///(app-pages-browser)/./node_modules/next/dist/client/dev/hot-reloader/app/hot-reloader-app.js:196
[   61410ms] [LOG] [Fast Refresh] done in 1522ms @ webpack-internal:///(app-pages-browser)/./node_modules/next/dist/client/dev/report-hmr-latency.js:13
[  168684ms] [LOG] [Fast Refresh] rebuilding @ webpack-internal:///(app-pages-browser)/./node_modules/next/dist/client/dev/hot-reloader/app/hot-reloader-app.js:196
[  169404ms] [WARNING] ./src/components/pages/others/userDashboard/AdminShell.module.scss.webpack[javascript/auto]!=!./node_modules/next/dist/build/webpack/loaders/css-loader/src/index.js??ruleSet[1].rules[14].oneOf[7].use[2]!./node_modules/next/dist/build/webpack/loaders/postcss-loader/src/index.js??ruleSet[1].rules[14].oneOf[7].use[3]!./node_modules/next/dist/build/webpack/loaders/resolve-url-loader/index.js??ruleSet[1].rules[14].oneOf[7].use[4]!./node_modules/next/dist/compiled/sass-loader/cjs.js??ruleSet[1].rules[14].oneOf[7].use[5]!./src/components/pages/others/userDashboard/AdminShell.module.scss
Warning

(285:3) autoprefixer: end value has mixed support, consider using flex-end instead

Import trace for requested module:
./src/components/pages/others/userDashboard/AdminShell.module.scss.webpack[javascript/auto]!=!./node_modules/next/dist/build/webpack/loaders/css-loader/src/index.js??ruleSet[1].rules[14].oneOf[7].use[2]!./node_modules/next/dist/build/webpack/loaders/postcss-loader/src/index.js??ruleSet[1].rules[14].oneOf[7].use[3]!./node_modules/next/dist/build/webpack/loaders/resolve-url-loader/index.js??ruleSet[1].rules[14].oneOf[7].use[4]!./node_modules/next/dist/compiled/sass-loader/cjs.js??ruleSet[1].rules[14].oneOf[7].use[5]!./src/components/pages/others/userDashboard/AdminShell.module.scss
./src/components/pages/others/userDashboard/AdminShell.module.scss
./src/components/pages/others/userDashboard/index.tsx @ webpack-internal:///(app-pages-browser)/./node_modules/next/dist/client/dev/hot-reloader/app/hot-reloader-app.js:241
[  169405ms] [WARNING] ./src/components/pages/others/userDashboard/tracking/TrackingDashboard.module.scss.webpack[javascript/auto]!=!./node_modules/next/dist/build/webpack/loaders/css-loader/src/index.js??ruleSet[1].rules[14].oneOf[7].use[2]!./node_modules/next/dist/build/webpack/loaders/postcss-loader/src/index.js??ruleSet[1].rules[14].oneOf[7].use[3]!./node_modules/next/dist/build/webpack/loaders/resolve-url-loader/index.js??ruleSet[1].rules[14].oneOf[7].use[4]!./node_modules/next/dist/compiled/sass-loader/cjs.js??ruleSet[1].rules[14].oneOf[7].use[5]!./src/components/pages/others/userDashboard/tracking/TrackingDashboard.module.scss
Warning

(119:3) autoprefixer: end value has mixed support, consider using flex-end instead

Import trace for requested module:
./src/components/pages/others/userDashboard/tracking/TrackingDashboard.module.scss.webpack[javascript/auto]!=!./node_modules/next/dist/build/webpack/loaders/css-loader/src/index.js??ruleSet[1].rules[14].oneOf[7].use[2]!./node_modules/next/dist/build/webpack/loaders/postcss-loader/src/index.js??ruleSet[1].rules[14].oneOf[7].use[3]!./node_modules/next/dist/build/webpack/loaders/resolve-url-loader/index.js??ruleSet[1].rules[14].oneOf[7].use[4]!./node_modules/next/dist/compiled/sass-loader/cjs.js??ruleSet[1].rules[14].oneOf[7].use[5]!./src/components/pages/others/userDashboard/tracking/TrackingDashboard.module.scss
./src/components/pages/others/userDashboard/tracking/TrackingDashboard.module.scss
./src/components/pages/others/userDashboard/tracking/TrackingDashboard.tsx
./src/components/pages/others/userDashboard/dashboardTabs/index.tsx
./src/components/pages/others/userDashboard/index.tsx @ webpack-internal:///(app-pages-browser)/./node_modules/next/dist/client/dev/hot-reloader/app/hot-reloader-app.js:241
[  169405ms] [WARNING] ./src/components/pages/others/userDashboard/tracking/TrackingDashboard.module.scss.webpack[javascript/auto]!=!./node_modules/next/dist/build/webpack/loaders/css-loader/src/index.js??ruleSet[1].rules[14].oneOf[7].use[2]!./node_modules/next/dist/build/webpack/loaders/postcss-loader/src/index.js??ruleSet[1].rules[14].oneOf[7].use[3]!./node_modules/next/dist/build/webpack/loaders/resolve-url-loader/index.js??ruleSet[1].rules[14].oneOf[7].use[4]!./node_modules/next/dist/compiled/sass-loader/cjs.js??ruleSet[1].rules[14].oneOf[7].use[5]!./src/components/pages/others/userDashboard/tracking/TrackingDashboard.module.scss
Warning

(316:3) autoprefixer: start value has mixed support, consider using flex-start instead

Import trace for requested module:
./src/components/pages/others/userDashboard/tracking/TrackingDashboard.module.scss.webpack[javascript/auto]!=!./node_modules/next/dist/build/webpack/loaders/css-loader/src/index.js??ruleSet[1].rules[14].oneOf[7].use[2]!./node_modules/next/dist/build/webpack/loaders/postcss-loader/src/index.js??ruleSet[1].rules[14].oneOf[7].use[3]!./node_modules/next/dist/build/webpack/loaders/resolve-url-loader/index.js??ruleSet[1].rules[14].oneOf[7].use[4]!./node_modules/next/dist/compiled/sass-loader/cjs.js??ruleSet[1].rules[14].oneOf[7].use[5]!./src/components/pages/others/userDashboard/tracking/TrackingDashboard.module.scss
./src/components/pages/others/userDashboard/tracking/TrackingDashboard.module.scss
./src/components/pages/others/userDashboard/tracking/TrackingDashboard.tsx
./src/components/pages/others/userDashboard/dashboardTabs/index.tsx
./src/components/pages/others/userDashboard/index.tsx @ webpack-internal:///(app-pages-browser)/./node_modules/next/dist/client/dev/hot-reloader/app/hot-reloader-app.js:241
[  169471ms] [LOG] [Fast Refresh] done in 787ms @ webpack-internal:///(app-pages-browser)/./node_modules/next/dist/client/dev/report-hmr-latency.js:13
[  169503ms] [LOG] [HMR] Detected local css modules. Reload all css @ webpack-internal:///(app-pages-browser)/./node_modules/next/dist/compiled/mini-css-extract-plugin/hmr/hotModuleReplacement.js:1
[  169506ms] [LOG] [HMR] Detected local css modules. Reload all css @ webpack-internal:///(app-pages-browser)/./node_modules/next/dist/compiled/mini-css-extract-plugin/hmr/hotModuleReplacement.js:1
[  171682ms] [INFO] %cDownload the React DevTools for a better development experience: https://react.dev/link/react-devtools font-weight:bold @ webpack-internal:///(app-pages-browser)/./node_modules/next/dist/compiled/react-dom/cjs/react-dom-client.development.js:25630
[  171786ms] [WARNING] ./src/components/pages/others/userDashboard/AdminShell.module.scss.webpack[javascript/auto]!=!./node_modules/next/dist/build/webpack/loaders/css-loader/src/index.js??ruleSet[1].rules[14].oneOf[7].use[2]!./node_modules/next/dist/build/webpack/loaders/postcss-loader/src/index.js??ruleSet[1].rules[14].oneOf[7].use[3]!./node_modules/next/dist/build/webpack/loaders/resolve-url-loader/index.js??ruleSet[1].rules[14].oneOf[7].use[4]!./node_modules/next/dist/compiled/sass-loader/cjs.js??ruleSet[1].rules[14].oneOf[7].use[5]!./src/components/pages/others/userDashboard/AdminShell.module.scss
Warning

(285:3) autoprefixer: end value has mixed support, consider using flex-end instead @ webpack-internal:///(app-pages-browser)/./node_modules/next/dist/client/dev/hot-reloader/app/hot-reloader-app.js:241
[  171786ms] [WARNING] ./src/components/pages/others/userDashboard/tracking/TrackingDashboard.module.scss.webpack[javascript/auto]!=!./node_modules/next/dist/build/webpack/loaders/css-loader/src/index.js??ruleSet[1].rules[14].oneOf[7].use[2]!./node_modules/next/dist/build/webpack/loaders/postcss-loader/src/index.js??ruleSet[1].rules[14].oneOf[7].use[3]!./node_modules/next/dist/build/webpack/loaders/resolve-url-loader/index.js??ruleSet[1].rules[14].oneOf[7].use[4]!./node_modules/next/dist/compiled/sass-loader/cjs.js??ruleSet[1].rules[14].oneOf[7].use[5]!./src/components/pages/others/userDashboard/tracking/TrackingDashboard.module.scss
Warning

(119:3) autoprefixer: end value has mixed support, consider using flex-end instead @ webpack-internal:///(app-pages-browser)/./node_modules/next/dist/client/dev/hot-reloader/app/hot-reloader-app.js:241
[  171786ms] [WARNING] ./src/components/pages/others/userDashboard/tracking/TrackingDashboard.module.scss.webpack[javascript/auto]!=!./node_modules/next/dist/build/webpack/loaders/css-loader/src/index.js??ruleSet[1].rules[14].oneOf[7].use[2]!./node_modules/next/dist/build/webpack/loaders/postcss-loader/src/index.js??ruleSet[1].rules[14].oneOf[7].use[3]!./node_modules/next/dist/build/webpack/loaders/resolve-url-loader/index.js??ruleSet[1].rules[14].oneOf[7].use[4]!./node_modules/next/dist/compiled/sass-loader/cjs.js??ruleSet[1].rules[14].oneOf[7].use[5]!./src/components/pages/others/userDashboard/tracking/TrackingDashboard.module.scss
Warning

(316:3) autoprefixer: start value has mixed support, consider using flex-start instead @ webpack-internal:///(app-pages-browser)/./node_modules/next/dist/client/dev/hot-reloader/app/hot-reloader-app.js:241
[  214900ms] [INFO] %cDownload the React DevTools for a better development experience: https://react.dev/link/react-devtools font-weight:bold @ webpack-internal:///(app-pages-browser)/./node_modules/next/dist/compiled/react-dom/cjs/react-dom-client.development.js:25630
[  214964ms] [WARNING] ./src/components/pages/others/userDashboard/AdminShell.module.scss.webpack[javascript/auto]!=!./node_modules/next/dist/build/webpack/loaders/css-loader/src/index.js??ruleSet[1].rules[14].oneOf[7].use[2]!./node_modules/next/dist/build/webpack/loaders/postcss-loader/src/index.js??ruleSet[1].rules[14].oneOf[7].use[3]!./node_modules/next/dist/build/webpack/loaders/resolve-url-loader/index.js??ruleSet[1].rules[14].oneOf[7].use[4]!./node_modules/next/dist/compiled/sass-loader/cjs.js??ruleSet[1].rules[14].oneOf[7].use[5]!./src/components/pages/others/userDashboard/AdminShell.module.scss
Warning

(285:3) autoprefixer: end value has mixed support, consider using flex-end instead @ webpack-internal:///(app-pages-browser)/./node_modules/next/dist/client/dev/hot-reloader/app/hot-reloader-app.js:241
[  214964ms] [WARNING] ./src/components/pages/others/userDashboard/tracking/TrackingDashboard.module.scss.webpack[javascript/auto]!=!./node_modules/next/dist/build/webpack/loaders/css-loader/src/index.js??ruleSet[1].rules[14].oneOf[7].use[2]!./node_modules/next/dist/build/webpack/loaders/postcss-loader/src/index.js??ruleSet[1].rules[14].oneOf[7].use[3]!./node_modules/next/dist/build/webpack/loaders/resolve-url-loader/index.js??ruleSet[1].rules[14].oneOf[7].use[4]!./node_modules/next/dist/compiled/sass-loader/cjs.js??ruleSet[1].rules[14].oneOf[7].use[5]!./src/components/pages/others/userDashboard/tracking/TrackingDashboard.module.scss
Warning

(119:3) autoprefixer: end value has mixed support, consider using flex-end instead @ webpack-internal:///(app-pages-browser)/./node_modules/next/dist/client/dev/hot-reloader/app/hot-reloader-app.js:241
[  214964ms] [WARNING] ./src/components/pages/others/userDashboard/tracking/TrackingDashboard.module.scss.webpack[javascript/auto]!=!./node_modules/next/dist/build/webpack/loaders/css-loader/src/index.js??ruleSet[1].rules[14].oneOf[7].use[2]!./node_modules/next/dist/build/webpack/loaders/postcss-loader/src/index.js??ruleSet[1].rules[14].oneOf[7].use[3]!./node_modules/next/dist/build/webpack/loaders/resolve-url-loader/index.js??ruleSet[1].rules[14].oneOf[7].use[4]!./node_modules/next/dist/compiled/sass-loader/cjs.js??ruleSet[1].rules[14].oneOf[7].use[5]!./src/components/pages/others/userDashboard/tracking/TrackingDashboard.module.scss
Warning

(316:3) autoprefixer: start value has mixed support, consider using flex-start instead @ webpack-internal:///(app-pages-browser)/./node_modules/next/dist/client/dev/hot-reloader/app/hot-reloader-app.js:241
[  217431ms] [LOG] [Fast Refresh] rebuilding @ webpack-internal:///(app-pages-browser)/./node_modules/next/dist/client/dev/hot-reloader/app/hot-reloader-app.js:196
[  217716ms] [LOG] [Fast Refresh] done in 286ms @ webpack-internal:///(app-pages-browser)/./node_modules/next/dist/client/dev/report-hmr-latency.js:13
[  350093ms] [LOG] [Fast Refresh] rebuilding @ webpack-internal:///(app-pages-browser)/./node_modules/next/dist/client/dev/hot-reloader/app/hot-reloader-app.js:196
[  351609ms] [LOG] [Fast Refresh] done in 1518ms @ webpack-internal:///(app-pages-browser)/./node_modules/next/dist/client/dev/report-hmr-latency.js:13
[  351630ms] [LOG] [HMR] Detected local css modules. Reload all css @ webpack-internal:///(app-pages-browser)/./node_modules/next/dist/compiled/mini-css-extract-plugin/hmr/hotModuleReplacement.js:1
[  355026ms] [WARNING] The resource http://localhost:3002/_next/static/css/_app-pages-browser_src_components_pages_others_userDashboard_partners_PartnerManager_tsx.css?1791207489583 was preloaded using link preload but not used within a few seconds from the window's load event. Please make sure it has an appropriate `as` value and it is preloaded intentionally. @ http://localhost:3002/account?tab=charter-requests:0
[  355027ms] [WARNING] The resource http://localhost:3002/_next/static/css/app/(other)/account/page.css?1791207489584 was preloaded using link preload but not used within a few seconds from the window's load event. Please make sure it has an appropriate `as` value and it is preloaded intentionally. @ http://localhost:3002/account?tab=charter-requests:0
[  387919ms] [INFO] %cDownload the React DevTools for a better development experience: https://react.dev/link/react-devtools font-weight:bold @ webpack-internal:///(app-pages-browser)/./node_modules/next/dist/compiled/react-dom/cjs/react-dom-client.development.js:25630
[  452795ms] [INFO] %cDownload the React DevTools for a better development experience: https://react.dev/link/react-devtools font-weight:bold @ webpack-internal:///(app-pages-browser)/./node_modules/next/dist/compiled/react-dom/cjs/react-dom-client.development.js:25630
[  503319ms] [LOG] [Fast Refresh] rebuilding @ webpack-internal:///(app-pages-browser)/./node_modules/next/dist/client/dev/hot-reloader/app/hot-reloader-app.js:196
[  505934ms] [WARNING] ./src/index.scss.webpack[javascript/auto]!=!./node_modules/next/dist/build/webpack/loaders/css-loader/src/index.js??ruleSet[1].rules[14].oneOf[11].use[2]!./node_modules/next/dist/build/webpack/loaders/postcss-loader/src/index.js??ruleSet[1].rules[14].oneOf[11].use[3]!./node_modules/next/dist/build/webpack/loaders/resolve-url-loader/index.js??ruleSet[1].rules[14].oneOf[11].use[4]!./node_modules/next/dist/compiled/sass-loader/cjs.js??ruleSet[1].rules[14].oneOf[11].use[5]!./src/index.scss
Deprecation Warning on line 0, column 8 of file:///Users/vlady/Projects/excelero/exelero-yachting/src/index.scss:0:8:
Sass @import rules are deprecated and will be removed in Dart Sass 3.0.0.

More info and automated migrator: https://sass-lang.com/d/import

0 | @import "../public/assets/scss/app.scss";

src/index.scss 1:9  root stylesheet

Import trace for requested module:
./src/index.scss.webpack[javascript/auto]!=!./node_modules/next/dist/build/webpack/loaders/css-loader/src/index.js??ruleSet[1].rules[14].oneOf[11].use[2]!./node_modules/next/dist/build/webpack/loaders/postcss-loader/src/index.js??ruleSet[1].rules[14].oneOf[11].use[3]!./node_modules/next/dist/build/webpack/loaders/resolve-url-loader/index.js??ruleSet[1].rules[14].oneOf[11].use[4]!./node_modules/next/dist/compiled/sass-loader/cjs.js??ruleSet[1].rules[14].oneOf[11].use[5]!./src/index.scss
./src/index.scss @ webpack-internal:///(app-pages-browser)/./node_modules/next/dist/client/dev/hot-reloader/app/hot-reloader-app.js:241
[  505935ms] [WARNING] ./src/index.scss.webpack[javascript/auto]!=!./node_modules/next/dist/build/webpack/loaders/css-loader/src/index.js??ruleSet[1].rules[14].oneOf[11].use[2]!./node_modules/next/dist/build/webpack/loaders/postcss-loader/src/index.js??ruleSet[1].rules[14].oneOf[11].use[3]!./node_modules/next/dist/build/webpack/loaders/resolve-url-loader/index.js??ruleSet[1].rules[14].oneOf[11].use[4]!./node_modules/next/dist/compiled/sass-loader/cjs.js??ruleSet[1].rules[14].oneOf[11].use[5]!./src/index.scss
Deprecation Warning on line 5, column 8 of file:///Users/vlady/Projects/excelero/exelero-yachting/public/assets/scss/app.scss:5:8:
Sass @import rules are deprecated and will be removed in Dart Sass 3.0.0.

More info and automated migrator: https://sass-lang.com/d/import

5 | @import "swiper/css";

public/assets/scss/app.scss 6:9  @import
src/index.scss 1:9               root stylesheet

Import trace for requested module:
./src/index.scss.webpack[javascript/auto]!=!./node_modules/next/dist/build/webpack/loaders/css-loader/src/index.js??ruleSet[1].rules[14].oneOf[11].use[2]!./node_modules/next/dist/build/webpack/loaders/postcss-loader/src/index.js??ruleSet[1].rules[14].oneOf[11].use[3]!./node_modules/next/dist/build/webpack/loaders/resolve-url-loader/index.js??ruleSet[1].rules[14].oneOf[11].use[4]!./node_modules/next/dist/compiled/sass-loader/cjs.js??ruleSet[1].rules[14].oneOf[11].use[5]!./src/index.scss
./src/index.scss @ webpack-internal:///(app-pages-browser)/./node_modules/next/dist/client/dev/hot-reloader/app/hot-reloader-app.js:241
[  505935ms] [WARNING] ./src/index.scss.webpack[javascript/auto]!=!./node_modules/next/dist/build/webpack/loaders/css-loader/src/index.js??ruleSet[1].rules[14].oneOf[11].use[2]!./node_modules/next/dist/build/webpack/loaders/postcss-loader/src/index.js??ruleSet[1].rules[14].oneOf[11].use[3]!./node_modules/next/dist/build/webpack/loaders/resolve-url-loader/index.js??ruleSet[1].rules[14].oneOf[11].use[4]!./node_modules/next/dist/compiled/sass-loader/cjs.js??ruleSet[1].rules[14].oneOf[11].use[5]!./src/index.scss
Deprecation Warning on line 6, column 8 of file:///Users/vlady/Projects/excelero/exelero-yachting/public/assets/scss/app.scss:6:8:
Sass @import rules are deprecated and will be removed in Dart Sass 3.0.0.

More info and automated migrator: https://sass-lang.com/d/import

6 | @import "swiper/css/pagination";

public/assets/scss/app.scss 7:9  @import
src/index.scss 1:9               root stylesheet

Import trace for requested module:
./src/index.scss.webpack[javascript/auto]!=!./node_modules/next/dist/build/webpack/loaders/css-loader/src/index.js??ruleSet[1].rules[14].oneOf[11].use[2]!./node_modules/next/dist/build/webpack/loaders/postcss-loader/src/index.js??ruleSet[1].rules[14].oneOf[11].use[3]!./node_modules/next/dist/build/webpack/loaders/resolve-url-loader/index.js??ruleSet[1].rules[14].oneOf[11].use[4]!./node_modules/next/dist/compiled/sass-loader/cjs.js??ruleSet[1].rules[14].oneOf[11].use[5]!./src/index.scss
./src/index.scss @ webpack-internal:///(app-pages-browser)/./node_modules/next/dist/client/dev/hot-reloader/app/hot-reloader-app.js:241
[  505935ms] [WARNING] ./src/index.scss.webpack[javascript/auto]!=!./node_modules/next/dist/build/webpack/loaders/css-loader/src/index.js??ruleSet[1].rules[14].oneOf[11].use[2]!./node_modules/next/dist/build/webpack/loaders/postcss-loader/src/index.js??ruleSet[1].rules[14].oneOf[11].use[3]!./node_modules/next/dist/build/webpack/loaders/resolve-url-loader/index.js??ruleSet[1].rules[14].oneOf[11].use[4]!./node_modules/next/dist/compiled/sass-loader/cjs.js??ruleSet[1].rules[14].oneOf[11].use[5]!./src/index.scss
Deprecation Warning on line 7, column 8 of file:///Users/vlady/Projects/excelero/exelero-yachting/public/assets/scss/app.scss:7:8:
Sass @import rules are deprecated and will be removed in Dart Sass 3.0.0.

More info and automated migrator: https://sass-lang.com/d/import

7 | @import "swiper/css/navigation";

public/assets/scss/app.scss 8:9  @import
src/index.scss 1:9               root stylesheet

Import trace for requested module:
./src/index.scss.webpack[javascript/auto]!=!./node_modules/next/dist/build/webpack/loaders/css-loader/src/index.js??ruleSet[1].rules[14].oneOf[11].use[2]!./node_modules/next/dist/build/webpack/loaders/postcss-loader/src/index.js??ruleSet[1].rules[14].oneOf[11].use[3]!./node_modules/next/dist/build/webpack/loaders/resolve-url-loader/index.js??ruleSet[1].rules[14].oneOf[11].use[4]!./node_modules/next/dist/compiled/sass-loader/cjs.js??ruleSet[1].rules[14].oneOf[11].use[5]!./src/index.scss
./src/index.scss @ webpack-internal:///(app-pages-browser)/./node_modules/next/dist/client/dev/hot-reloader/app/hot-reloader-app.js:241
[  505935ms] [WARNING] ./src/index.scss.webpack[javascript/auto]!=!./node_modules/next/dist/build/webpack/loaders/css-loader/src/index.js??ruleSet[1].rules[14].oneOf[11].use[2]!./node_modules/next/dist/build/webpack/loaders/postcss-loader/src/index.js??ruleSet[1].rules[14].oneOf[11].use[3]!./node_modules/next/dist/build/webpack/loaders/resolve-url-loader/index.js??ruleSet[1].rules[14].oneOf[11].use[4]!./node_modules/next/dist/compiled/sass-loader/cjs.js??ruleSet[1].rules[14].oneOf[11].use[5]!./src/index.scss
Deprecation Warning on line 8, column 8 of file:///Users/vlady/Projects/excelero/exelero-yachting/public/assets/scss/app.scss:8:8:
Sass @import rules are deprecated and will be removed in Dart Sass 3.0.0.

More info and automated migrator: https://sass-lang.com/d/import

8 | @import "swiper/css/grid";

public/assets/scss/app.scss 9:9  @import
src/index.scss 1:9               root stylesheet

Import trace for requested module:
./src/index.scss.webpack[javascript/auto]!=!./node_modules/next/dist/build/webpack/loaders/css-loader/src/index.js??ruleSet[1].rules[14].oneOf[11].use[2]!./node_modules/next/dist/build/webpack/loaders/postcss-loader/src/index.js??ruleSet[1].rules[14].oneOf[11].use[3]!./node_modules/next/dist/build/webpack/loaders/resolve-url-loader/index.js??ruleSet[1].rules[14].oneOf[11].use[4]!./node_modules/next/dist/compiled/sass-loader/cjs.js??ruleSet[1].rules[14].oneOf[11].use[5]!./src/index.scss
./src/index.scss @ webpack-internal:///(app-pages-browser)/./node_modules/next/dist/client/dev/hot-reloader/app/hot-reloader-app.js:241
[  505935ms] [WARNING] There were more warnings in other files.
You can find a complete log in the terminal. @ webpack-internal:///(app-pages-browser)/./node_modules/next/dist/client/dev/hot-reloader/app/hot-reloader-app.js:238
[  505960ms] [LOG] [Fast Refresh] done in 2641ms @ webpack-internal:///(app-pages-browser)/./node_modules/next/dist/client/dev/report-hmr-latency.js:13
[  527124ms] [LOG] [Fast Refresh] rebuilding @ webpack-internal:///(app-pages-browser)/./node_modules/next/dist/client/dev/hot-reloader/app/hot-reloader-app.js:196
[  528164ms] [WARNING] ./src/components/pages/others/userDashboard/AdminShell.module.scss.webpack[javascript/auto]!=!./node_modules/next/dist/build/webpack/loaders/css-loader/src/index.js??ruleSet[1].rules[14].oneOf[7].use[2]!./node_modules/next/dist/build/webpack/loaders/postcss-loader/src/index.js??ruleSet[1].rules[14].oneOf[7].use[3]!./node_modules/next/dist/build/webpack/loaders/resolve-url-loader/index.js??ruleSet[1].rules[14].oneOf[7].use[4]!./node_modules/next/dist/compiled/sass-loader/cjs.js??ruleSet[1].rules[14].oneOf[7].use[5]!./src/components/pages/others/userDashboard/AdminShell.module.scss
Warning

(285:3) autoprefixer: end value has mixed support, consider using flex-end instead

Import trace for requested module:
./src/components/pages/others/userDashboard/AdminShell.module.scss.webpack[javascript/auto]!=!./node_modules/next/dist/build/webpack/loaders/css-loader/src/index.js??ruleSet[1].rules[14].oneOf[7].use[2]!./node_modules/next/dist/build/webpack/loaders/postcss-loader/src/index.js??ruleSet[1].rules[14].oneOf[7].use[3]!./node_modules/next/dist/build/webpack/loaders/resolve-url-loader/index.js??ruleSet[1].rules[14].oneOf[7].use[4]!./node_modules/next/dist/compiled/sass-loader/cjs.js??ruleSet[1].rules[14].oneOf[7].use[5]!./src/components/pages/others/userDashboard/AdminShell.module.scss
./src/components/pages/others/userDashboard/AdminShell.module.scss
./src/components/pages/others/userDashboard/index.tsx @ webpack-internal:///(app-pages-browser)/./node_modules/next/dist/client/dev/hot-reloader/app/hot-reloader-app.js:241
[  528164ms] [WARNING] ./src/components/pages/others/userDashboard/tracking/TrackingDashboard.module.scss.webpack[javascript/auto]!=!./node_modules/next/dist/build/webpack/loaders/css-loader/src/index.js??ruleSet[1].rules[14].oneOf[7].use[2]!./node_modules/next/dist/build/webpack/loaders/postcss-loader/src/index.js??ruleSet[1].rules[14].oneOf[7].use[3]!./node_modules/next/dist/build/webpack/loaders/resolve-url-loader/index.js??ruleSet[1].rules[14].oneOf[7].use[4]!./node_modules/next/dist/compiled/sass-loader/cjs.js??ruleSet[1].rules[14].oneOf[7].use[5]!./src/components/pages/others/userDashboard/tracking/TrackingDashboard.module.scss
Warning

(119:3) autoprefixer: end value has mixed support, consider using flex-end instead

Import trace for requested module:
./src/components/pages/others/userDashboard/tracking/TrackingDashboard.module.scss.webpack[javascript/auto]!=!./node_modules/next/dist/build/webpack/loaders/css-loader/src/index.js??ruleSet[1].rules[14].oneOf[7].use[2]!./node_modules/next/dist/build/webpack/loaders/postcss-loader/src/index.js??ruleSet[1].rules[14].oneOf[7].use[3]!./node_modules/next/dist/build/webpack/loaders/resolve-url-loader/index.js??ruleSet[1].rules[14].oneOf[7].use[4]!./node_modules/next/dist/compiled/sass-loader/cjs.js??ruleSet[1].rules[14].oneOf[7].use[5]!./src/components/pages/others/userDashboard/tracking/TrackingDashboard.module.scss
./src/components/pages/others/userDashboard/tracking/TrackingDashboard.module.scss
./src/components/pages/others/userDashboard/tracking/TrackingDashboard.tsx
./src/components/pages/others/userDashboard/dashboardTabs/index.tsx
./src/components/pages/others/userDashboard/index.tsx @ webpack-internal:///(app-pages-browser)/./node_modules/next/dist/client/dev/hot-reloader/app/hot-reloader-app.js:241
[  528164ms] [WARNING] ./src/components/pages/others/userDashboard/tracking/TrackingDashboard.module.scss.webpack[javascript/auto]!=!./node_modules/next/dist/build/webpack/loaders/css-loader/src/index.js??ruleSet[1].rules[14].oneOf[7].use[2]!./node_modules/next/dist/build/webpack/loaders/postcss-loader/src/index.js??ruleSet[1].rules[14].oneOf[7].use[3]!./node_modules/next/dist/build/webpack/loaders/resolve-url-loader/index.js??ruleSet[1].rules[14].oneOf[7].use[4]!./node_modules/next/dist/compiled/sass-loader/cjs.js??ruleSet[1].rules[14].oneOf[7].use[5]!./src/components/pages/others/userDashboard/tracking/TrackingDashboard.module.scss
Warning

(316:3) autoprefixer: start value has mixed support, consider using flex-start instead

Import trace for requested module:
./src/components/pages/others/userDashboard/tracking/TrackingDashboard.module.scss.webpack[javascript/auto]!=!./node_modules/next/dist/build/webpack/loaders/css-loader/src/index.js??ruleSet[1].rules[14].oneOf[7].use[2]!./node_modules/next/dist/build/webpack/loaders/postcss-loader/src/index.js??ruleSet[1].rules[14].oneOf[7].use[3]!./node_modules/next/dist/build/webpack/loaders/resolve-url-loader/index.js??ruleSet[1].rules[14].oneOf[7].use[4]!./node_modules/next/dist/compiled/sass-loader/cjs.js??ruleSet[1].rules[14].oneOf[7].use[5]!./src/components/pages/others/userDashboard/tracking/TrackingDashboard.module.scss
./src/components/pages/others/userDashboard/tracking/TrackingDashboard.module.scss
./src/components/pages/others/userDashboard/tracking/TrackingDashboard.tsx
./src/components/pages/others/userDashboard/dashboardTabs/index.tsx
./src/components/pages/others/userDashboard/index.tsx @ webpack-internal:///(app-pages-browser)/./node_modules/next/dist/client/dev/hot-reloader/app/hot-reloader-app.js:241
[  528191ms] [LOG] [Fast Refresh] done in 1066ms @ webpack-internal:///(app-pages-browser)/./node_modules/next/dist/client/dev/report-hmr-latency.js:13
[  528231ms] [LOG] [HMR] Detected local css modules. Reload all css @ webpack-internal:///(app-pages-browser)/./node_modules/next/dist/compiled/mini-css-extract-plugin/hmr/hotModuleReplacement.js:1
[  531784ms] [WARNING] The resource http://localhost:3002/_next/static/css/app/layout.css?1791207666182 was preloaded using link preload but not used within a few seconds from the window's load event. Please make sure it has an appropriate `as` value and it is preloaded intentionally. @ http://localhost:3002/account?tab=charter-requests:0
[  586207ms] [INFO] %cDownload the React DevTools for a better development experience: https://react.dev/link/react-devtools font-weight:bold @ webpack-internal:///(app-pages-browser)/./node_modules/next/dist/compiled/react-dom/cjs/react-dom-client.development.js:25630
[  586285ms] [WARNING] ./src/components/pages/others/userDashboard/AdminShell.module.scss.webpack[javascript/auto]!=!./node_modules/next/dist/build/webpack/loaders/css-loader/src/index.js??ruleSet[1].rules[14].oneOf[7].use[2]!./node_modules/next/dist/build/webpack/loaders/postcss-loader/src/index.js??ruleSet[1].rules[14].oneOf[7].use[3]!./node_modules/next/dist/build/webpack/loaders/resolve-url-loader/index.js??ruleSet[1].rules[14].oneOf[7].use[4]!./node_modules/next/dist/compiled/sass-loader/cjs.js??ruleSet[1].rules[14].oneOf[7].use[5]!./src/components/pages/others/userDashboard/AdminShell.module.scss
Warning

(285:3) autoprefixer: end value has mixed support, consider using flex-end instead @ webpack-internal:///(app-pages-browser)/./node_modules/next/dist/client/dev/hot-reloader/app/hot-reloader-app.js:241
[  586285ms] [WARNING] ./src/components/pages/others/userDashboard/tracking/TrackingDashboard.module.scss.webpack[javascript/auto]!=!./node_modules/next/dist/build/webpack/loaders/css-loader/src/index.js??ruleSet[1].rules[14].oneOf[7].use[2]!./node_modules/next/dist/build/webpack/loaders/postcss-loader/src/index.js??ruleSet[1].rules[14].oneOf[7].use[3]!./node_modules/next/dist/build/webpack/loaders/resolve-url-loader/index.js??ruleSet[1].rules[14].oneOf[7].use[4]!./node_modules/next/dist/compiled/sass-loader/cjs.js??ruleSet[1].rules[14].oneOf[7].use[5]!./src/components/pages/others/userDashboard/tracking/TrackingDashboard.module.scss
Warning

(119:3) autoprefixer: end value has mixed support, consider using flex-end instead @ webpack-internal:///(app-pages-browser)/./node_modules/next/dist/client/dev/hot-reloader/app/hot-reloader-app.js:241
[  586285ms] [WARNING] ./src/components/pages/others/userDashboard/tracking/TrackingDashboard.module.scss.webpack[javascript/auto]!=!./node_modules/next/dist/build/webpack/loaders/css-loader/src/index.js??ruleSet[1].rules[14].oneOf[7].use[2]!./node_modules/next/dist/build/webpack/loaders/postcss-loader/src/index.js??ruleSet[1].rules[14].oneOf[7].use[3]!./node_modules/next/dist/build/webpack/loaders/resolve-url-loader/index.js??ruleSet[1].rules[14].oneOf[7].use[4]!./node_modules/next/dist/compiled/sass-loader/cjs.js??ruleSet[1].rules[14].oneOf[7].use[5]!./src/components/pages/others/userDashboard/tracking/TrackingDashboard.module.scss
Warning

(316:3) autoprefixer: start value has mixed support, consider using flex-start instead @ webpack-internal:///(app-pages-browser)/./node_modules/next/dist/client/dev/hot-reloader/app/hot-reloader-app.js:241
[  591648ms] [WARNING] [tiptap warn]: Duplicate extension names found: ['link', 'underline']. This can lead to issues. @ webpack-internal:///(app-pages-browser)/./node_modules/@tiptap/core/dist/index.js:1794
[  591666ms] [WARNING] [tiptap warn]: Duplicate extension names found: ['link', 'underline']. This can lead to issues. @ webpack-internal:///(app-pages-browser)/./node_modules/@tiptap/core/dist/index.js:1794
[  592237ms] [ERROR] Failed to load resource: the server responded with a status of 406 (Not Acceptable) @ http://127.0.0.1:54321/rest/v1/profile_image?select=image_url&user_id=eq.dae2644d-a0fe-49a7-9916-400fa25d2926:0
[  592243ms] [ERROR] Failed to load resource: the server responded with a status of 406 (Not Acceptable) @ http://127.0.0.1:54321/rest/v1/profile_image?select=image_url&user_id=eq.dae2644d-a0fe-49a7-9916-400fa25d2926:0
[  592250ms] [ERROR] Failed to load resource: the server responded with a status of 406 (Not Acceptable) @ http://127.0.0.1:54321/rest/v1/profile_image?select=image_url&user_id=eq.dae2644d-a0fe-49a7-9916-400fa25d2926:0
[  592318ms] [VERBOSE] [DOM] Password forms should have (optionally hidden) username fields for accessibility: (More info: https://goo.gl/9p2vKq) %o @ http://localhost:3002/account?tab=account-settings:0
[  592532ms] [LOG] [Fast Refresh] rebuilding @ webpack-internal:///(app-pages-browser)/./node_modules/next/dist/client/dev/hot-reloader/app/hot-reloader-app.js:196
[  593019ms] [ERROR] Failed to load resource: the server responded with a status of 404 (Not Found) @ http://localhost:3002/assets/images/car/person/2.jpg:0
[  593024ms] [LOG] [Fast Refresh] done in 492ms @ webpack-internal:///(app-pages-browser)/./node_modules/next/dist/client/dev/report-hmr-latency.js:13
[  693871ms] [LOG] [Fast Refresh] rebuilding @ webpack-internal:///(app-pages-browser)/./node_modules/next/dist/client/dev/hot-reloader/app/hot-reloader-app.js:196
[  695145ms] [LOG] [Fast Refresh] done in 1274ms @ webpack-internal:///(app-pages-browser)/./node_modules/next/dist/client/dev/report-hmr-latency.js:13
[  695190ms] [LOG] [HMR] Detected local css modules. Reload all css @ webpack-internal:///(app-pages-browser)/./node_modules/next/dist/compiled/mini-css-extract-plugin/hmr/hotModuleReplacement.js:1
[  695596ms] [VERBOSE] [DOM] Password forms should have (optionally hidden) username fields for accessibility: (More info: https://goo.gl/9p2vKq) %o @ http://localhost:3002/account?tab=account-settings:0
[  748836ms] [INFO] %cDownload the React DevTools for a better development experience: https://react.dev/link/react-devtools font-weight:bold @ webpack-internal:///(app-pages-browser)/./node_modules/next/dist/compiled/react-dom/cjs/react-dom-client.development.js:25630
[  749616ms] [ERROR] Failed to load resource: the server responded with a status of 406 (Not Acceptable) @ http://127.0.0.1:54321/rest/v1/boat_images?select=link&boat_id=eq.822e0f8f-5018-4929-9d3f-1ce20c77948e&media_type=eq.image&order=display_order.asc&limit=1:0
[  749625ms] [ERROR] Failed to load resource: the server responded with a status of 406 (Not Acceptable) @ http://127.0.0.1:54321/rest/v1/boat_images?select=link&boat_id=eq.822e0f8f-5018-4929-9d3f-1ce20c77948e&media_type=eq.image&order=display_order.asc&limit=1:0
[  818489ms] [LOG] [Fast Refresh] rebuilding @ webpack-internal:///(app-pages-browser)/./node_modules/next/dist/client/dev/hot-reloader/app/hot-reloader-app.js:196
[  820303ms] [WARNING] ./src/index.scss.webpack[javascript/auto]!=!./node_modules/next/dist/build/webpack/loaders/css-loader/src/index.js??ruleSet[1].rules[14].oneOf[11].use[2]!./node_modules/next/dist/build/webpack/loaders/postcss-loader/src/index.js??ruleSet[1].rules[14].oneOf[11].use[3]!./node_modules/next/dist/build/webpack/loaders/resolve-url-loader/index.js??ruleSet[1].rules[14].oneOf[11].use[4]!./node_modules/next/dist/compiled/sass-loader/cjs.js??ruleSet[1].rules[14].oneOf[11].use[5]!./src/index.scss
Deprecation Warning on line 0, column 8 of file:///Users/vlady/Projects/excelero/exelero-yachting/src/index.scss:0:8:
Sass @import rules are deprecated and will be removed in Dart Sass 3.0.0.

More info and automated migrator: https://sass-lang.com/d/import

0 | @import "../public/assets/scss/app.scss";

src/index.scss 1:9  root stylesheet

Import trace for requested module:
./src/index.scss.webpack[javascript/auto]!=!./node_modules/next/dist/build/webpack/loaders/css-loader/src/index.js??ruleSet[1].rules[14].oneOf[11].use[2]!./node_modules/next/dist/build/webpack/loaders/postcss-loader/src/index.js??ruleSet[1].rules[14].oneOf[11].use[3]!./node_modules/next/dist/build/webpack/loaders/resolve-url-loader/index.js??ruleSet[1].rules[14].oneOf[11].use[4]!./node_modules/next/dist/compiled/sass-loader/cjs.js??ruleSet[1].rules[14].oneOf[11].use[5]!./src/index.scss
./src/index.scss @ webpack-internal:///(app-pages-browser)/./node_modules/next/dist/client/dev/hot-reloader/app/hot-reloader-app.js:241
[  820303ms] [WARNING] ./src/index.scss.webpack[javascript/auto]!=!./node_modules/next/dist/build/webpack/loaders/css-loader/src/index.js??ruleSet[1].rules[14].oneOf[11].use[2]!./node_modules/next/dist/build/webpack/loaders/postcss-loader/src/index.js??ruleSet[1].rules[14].oneOf[11].use[3]!./node_modules/next/dist/build/webpack/loaders/resolve-url-loader/index.js??ruleSet[1].rules[14].oneOf[11].use[4]!./node_modules/next/dist/compiled/sass-loader/cjs.js??ruleSet[1].rules[14].oneOf[11].use[5]!./src/index.scss
Deprecation Warning on line 5, column 8 of file:///Users/vlady/Projects/excelero/exelero-yachting/public/assets/scss/app.scss:5:8:
Sass @import rules are deprecated and will be removed in Dart Sass 3.0.0.

More info and automated migrator: https://sass-lang.com/d/import

5 | @import "swiper/css";

public/assets/scss/app.scss 6:9  @import
src/index.scss 1:9               root stylesheet

Import trace for requested module:
./src/index.scss.webpack[javascript/auto]!=!./node_modules/next/dist/build/webpack/loaders/css-loader/src/index.js??ruleSet[1].rules[14].oneOf[11].use[2]!./node_modules/next/dist/build/webpack/loaders/postcss-loader/src/index.js??ruleSet[1].rules[14].oneOf[11].use[3]!./node_modules/next/dist/build/webpack/loaders/resolve-url-loader/index.js??ruleSet[1].rules[14].oneOf[11].use[4]!./node_modules/next/dist/compiled/sass-loader/cjs.js??ruleSet[1].rules[14].oneOf[11].use[5]!./src/index.scss
./src/index.scss @ webpack-internal:///(app-pages-browser)/./node_modules/next/dist/client/dev/hot-reloader/app/hot-reloader-app.js:241
[  820303ms] [WARNING] ./src/index.scss.webpack[javascript/auto]!=!./node_modules/next/dist/build/webpack/loaders/css-loader/src/index.js??ruleSet[1].rules[14].oneOf[11].use[2]!./node_modules/next/dist/build/webpack/loaders/postcss-loader/src/index.js??ruleSet[1].rules[14].oneOf[11].use[3]!./node_modules/next/dist/build/webpack/loaders/resolve-url-loader/index.js??ruleSet[1].rules[14].oneOf[11].use[4]!./node_modules/next/dist/compiled/sass-loader/cjs.js??ruleSet[1].rules[14].oneOf[11].use[5]!./src/index.scss
Deprecation Warning on line 6, column 8 of file:///Users/vlady/Projects/excelero/exelero-yachting/public/assets/scss/app.scss:6:8:
Sass @import rules are deprecated and will be removed in Dart Sass 3.0.0.

More info and automated migrator: https://sass-lang.com/d/import

6 | @import "swiper/css/pagination";

public/assets/scss/app.scss 7:9  @import
src/index.scss 1:9               root stylesheet

Import trace for requested module:
./src/index.scss.webpack[javascript/auto]!=!./node_modules/next/dist/build/webpack/loaders/css-loader/src/index.js??ruleSet[1].rules[14].oneOf[11].use[2]!./node_modules/next/dist/build/webpack/loaders/postcss-loader/src/index.js??ruleSet[1].rules[14].oneOf[11].use[3]!./node_modules/next/dist/build/webpack/loaders/resolve-url-loader/index.js??ruleSet[1].rules[14].oneOf[11].use[4]!./node_modules/next/dist/compiled/sass-loader/cjs.js??ruleSet[1].rules[14].oneOf[11].use[5]!./src/index.scss
./src/index.scss @ webpack-internal:///(app-pages-browser)/./node_modules/next/dist/client/dev/hot-reloader/app/hot-reloader-app.js:241
[  820303ms] [WARNING] ./src/index.scss.webpack[javascript/auto]!=!./node_modules/next/dist/build/webpack/loaders/css-loader/src/index.js??ruleSet[1].rules[14].oneOf[11].use[2]!./node_modules/next/dist/build/webpack/loaders/postcss-loader/src/index.js??ruleSet[1].rules[14].oneOf[11].use[3]!./node_modules/next/dist/build/webpack/loaders/resolve-url-loader/index.js??ruleSet[1].rules[14].oneOf[11].use[4]!./node_modules/next/dist/compiled/sass-loader/cjs.js??ruleSet[1].rules[14].oneOf[11].use[5]!./src/index.scss
Deprecation Warning on line 7, column 8 of file:///Users/vlady/Projects/excelero/exelero-yachting/public/assets/scss/app.scss:7:8:
Sass @import rules are deprecated and will be removed in Dart Sass 3.0.0.

More info and automated migrator: https://sass-lang.com/d/import

7 | @import "swiper/css/navigation";

public/assets/scss/app.scss 8:9  @import
src/index.scss 1:9               root stylesheet

Import trace for requested module:
./src/index.scss.webpack[javascript/auto]!=!./node_modules/next/dist/build/webpack/loaders/css-loader/src/index.js??ruleSet[1].rules[14].oneOf[11].use[2]!./node_modules/next/dist/build/webpack/loaders/postcss-loader/src/index.js??ruleSet[1].rules[14].oneOf[11].use[3]!./node_modules/next/dist/build/webpack/loaders/resolve-url-loader/index.js??ruleSet[1].rules[14].oneOf[11].use[4]!./node_modules/next/dist/compiled/sass-loader/cjs.js??ruleSet[1].rules[14].oneOf[11].use[5]!./src/index.scss
./src/index.scss @ webpack-internal:///(app-pages-browser)/./node_modules/next/dist/client/dev/hot-reloader/app/hot-reloader-app.js:241
[  820303ms] [WARNING] ./src/index.scss.webpack[javascript/auto]!=!./node_modules/next/dist/build/webpack/loaders/css-loader/src/index.js??ruleSet[1].rules[14].oneOf[11].use[2]!./node_modules/next/dist/build/webpack/loaders/postcss-loader/src/index.js??ruleSet[1].rules[14].oneOf[11].use[3]!./node_modules/next/dist/build/webpack/loaders/resolve-url-loader/index.js??ruleSet[1].rules[14].oneOf[11].use[4]!./node_modules/next/dist/compiled/sass-loader/cjs.js??ruleSet[1].rules[14].oneOf[11].use[5]!./src/index.scss
Deprecation Warning on line 8, column 8 of file:///Users/vlady/Projects/excelero/exelero-yachting/public/assets/scss/app.scss:8:8:
Sass @import rules are deprecated and will be removed in Dart Sass 3.0.0.

More info and automated migrator: https://sass-lang.com/d/import

8 | @import "swiper/css/grid";

public/assets/scss/app.scss 9:9  @import
src/index.scss 1:9               root stylesheet

Import trace for requested module:
./src/index.scss.webpack[javascript/auto]!=!./node_modules/next/dist/build/webpack/loaders/css-loader/src/index.js??ruleSet[1].rules[14].oneOf[11].use[2]!./node_modules/next/dist/build/webpack/loaders/postcss-loader/src/index.js??ruleSet[1].rules[14].oneOf[11].use[3]!./node_modules/next/dist/build/webpack/loaders/resolve-url-loader/index.js??ruleSet[1].rules[14].oneOf[11].use[4]!./node_modules/next/dist/compiled/sass-loader/cjs.js??ruleSet[1].rules[14].oneOf[11].use[5]!./src/index.scss
./src/index.scss @ webpack-internal:///(app-pages-browser)/./node_modules/next/dist/client/dev/hot-reloader/app/hot-reloader-app.js:241
[  820303ms] [WARNING] There were more warnings in other files.
You can find a complete log in the terminal. @ webpack-internal:///(app-pages-browser)/./node_modules/next/dist/client/dev/hot-reloader/app/hot-reloader-app.js:238
[  820331ms] [LOG] [Fast Refresh] done in 1842ms @ webpack-internal:///(app-pages-browser)/./node_modules/next/dist/client/dev/report-hmr-latency.js:13
[  822766ms] [INFO] %cDownload the React DevTools for a better development experience: https://react.dev/link/react-devtools font-weight:bold @ webpack-internal:///(app-pages-browser)/./node_modules/next/dist/compiled/react-dom/cjs/react-dom-client.development.js:25630
[  822837ms] [WARNING] ./src/index.scss.webpack[javascript/auto]!=!./node_modules/next/dist/build/webpack/loaders/css-loader/src/index.js??ruleSet[1].rules[14].oneOf[11].use[2]!./node_modules/next/dist/build/webpack/loaders/postcss-loader/src/index.js??ruleSet[1].rules[14].oneOf[11].use[3]!./node_modules/next/dist/build/webpack/loaders/resolve-url-loader/index.js??ruleSet[1].rules[14].oneOf[11].use[4]!./node_modules/next/dist/compiled/sass-loader/cjs.js??ruleSet[1].rules[14].oneOf[11].use[5]!./src/index.scss
Deprecation Warning on line 0, column 8 of file:///Users/vlady/Projects/excelero/exelero-yachting/src/index.scss:0:8:
Sass @import rules are deprecated and will be removed in Dart Sass 3.0.0.

More info and automated migrator: https://sass-lang.com/d/import

0 | @import "../public/assets/scss/app.scss";

src/index.scss 1:9  root stylesheet @ webpack-internal:///(app-pages-browser)/./node_modules/next/dist/client/dev/hot-reloader/app/hot-reloader-app.js:241
[  822837ms] [WARNING] ./src/index.scss.webpack[javascript/auto]!=!./node_modules/next/dist/build/webpack/loaders/css-loader/src/index.js??ruleSet[1].rules[14].oneOf[11].use[2]!./node_modules/next/dist/build/webpack/loaders/postcss-loader/src/index.js??ruleSet[1].rules[14].oneOf[11].use[3]!./node_modules/next/dist/build/webpack/loaders/resolve-url-loader/index.js??ruleSet[1].rules[14].oneOf[11].use[4]!./node_modules/next/dist/compiled/sass-loader/cjs.js??ruleSet[1].rules[14].oneOf[11].use[5]!./src/index.scss
Deprecation Warning on line 5, column 8 of file:///Users/vlady/Projects/excelero/exelero-yachting/public/assets/scss/app.scss:5:8:
Sass @import rules are deprecated and will be removed in Dart Sass 3.0.0.

More info and automated migrator: https://sass-lang.com/d/import

5 | @import "swiper/css";

public/assets/scss/app.scss 6:9  @import
src/index.scss 1:9               root stylesheet @ webpack-internal:///(app-pages-browser)/./node_modules/next/dist/client/dev/hot-reloader/app/hot-reloader-app.js:241
[  822838ms] [WARNING] ./src/index.scss.webpack[javascript/auto]!=!./node_modules/next/dist/build/webpack/loaders/css-loader/src/index.js??ruleSet[1].rules[14].oneOf[11].use[2]!./node_modules/next/dist/build/webpack/loaders/postcss-loader/src/index.js??ruleSet[1].rules[14].oneOf[11].use[3]!./node_modules/next/dist/build/webpack/loaders/resolve-url-loader/index.js??ruleSet[1].rules[14].oneOf[11].use[4]!./node_modules/next/dist/compiled/sass-loader/cjs.js??ruleSet[1].rules[14].oneOf[11].use[5]!./src/index.scss
Deprecation Warning on line 6, column 8 of file:///Users/vlady/Projects/excelero/exelero-yachting/public/assets/scss/app.scss:6:8:
Sass @import rules are deprecated and will be removed in Dart Sass 3.0.0.

More info and automated migrator: https://sass-lang.com/d/import

6 | @import "swiper/css/pagination";

public/assets/scss/app.scss 7:9  @import
src/index.scss 1:9               root stylesheet @ webpack-internal:///(app-pages-browser)/./node_modules/next/dist/client/dev/hot-reloader/app/hot-reloader-app.js:241
[  822838ms] [WARNING] ./src/index.scss.webpack[javascript/auto]!=!./node_modules/next/dist/build/webpack/loaders/css-loader/src/index.js??ruleSet[1].rules[14].oneOf[11].use[2]!./node_modules/next/dist/build/webpack/loaders/postcss-loader/src/index.js??ruleSet[1].rules[14].oneOf[11].use[3]!./node_modules/next/dist/build/webpack/loaders/resolve-url-loader/index.js??ruleSet[1].rules[14].oneOf[11].use[4]!./node_modules/next/dist/compiled/sass-loader/cjs.js??ruleSet[1].rules[14].oneOf[11].use[5]!./src/index.scss
Deprecation Warning on line 7, column 8 of file:///Users/vlady/Projects/excelero/exelero-yachting/public/assets/scss/app.scss:7:8:
Sass @import rules are deprecated and will be removed in Dart Sass 3.0.0.

More info and automated migrator: https://sass-lang.com/d/import

7 | @import "swiper/css/navigation";

public/assets/scss/app.scss 8:9  @import
src/index.scss 1:9               root stylesheet @ webpack-internal:///(app-pages-browser)/./node_modules/next/dist/client/dev/hot-reloader/app/hot-reloader-app.js:241
[  822838ms] [WARNING] ./src/index.scss.webpack[javascript/auto]!=!./node_modules/next/dist/build/webpack/loaders/css-loader/src/index.js??ruleSet[1].rules[14].oneOf[11].use[2]!./node_modules/next/dist/build/webpack/loaders/postcss-loader/src/index.js??ruleSet[1].rules[14].oneOf[11].use[3]!./node_modules/next/dist/build/webpack/loaders/resolve-url-loader/index.js??ruleSet[1].rules[14].oneOf[11].use[4]!./node_modules/next/dist/compiled/sass-loader/cjs.js??ruleSet[1].rules[14].oneOf[11].use[5]!./src/index.scss
Deprecation Warning on line 8, column 8 of file:///Users/vlady/Projects/excelero/exelero-yachting/public/assets/scss/app.scss:8:8:
Sass @import rules are deprecated and will be removed in Dart Sass 3.0.0.

More info and automated migrator: https://sass-lang.com/d/import

8 | @import "swiper/css/grid";

public/assets/scss/app.scss 9:9  @import
src/index.scss 1:9               root stylesheet @ webpack-internal:///(app-pages-browser)/./node_modules/next/dist/client/dev/hot-reloader/app/hot-reloader-app.js:241
[  822838ms] [WARNING] There were more warnings in other files.
You can find a complete log in the terminal. @ webpack-internal:///(app-pages-browser)/./node_modules/next/dist/client/dev/hot-reloader/app/hot-reloader-app.js:238
[  824044ms] [INFO] %cDownload the React DevTools for a better development experience: https://react.dev/link/react-devtools font-weight:bold @ webpack-internal:///(app-pages-browser)/./node_modules/next/dist/compiled/react-dom/cjs/react-dom-client.development.js:25630
[  824092ms] [WARNING] ./src/index.scss.webpack[javascript/auto]!=!./node_modules/next/dist/build/webpack/loaders/css-loader/src/index.js??ruleSet[1].rules[14].oneOf[11].use[2]!./node_modules/next/dist/build/webpack/loaders/postcss-loader/src/index.js??ruleSet[1].rules[14].oneOf[11].use[3]!./node_modules/next/dist/build/webpack/loaders/resolve-url-loader/index.js??ruleSet[1].rules[14].oneOf[11].use[4]!./node_modules/next/dist/compiled/sass-loader/cjs.js??ruleSet[1].rules[14].oneOf[11].use[5]!./src/index.scss
Deprecation Warning on line 0, column 8 of file:///Users/vlady/Projects/excelero/exelero-yachting/src/index.scss:0:8:
Sass @import rules are deprecated and will be removed in Dart Sass 3.0.0.

More info and automated migrator: https://sass-lang.com/d/import

0 | @import "../public/assets/scss/app.scss";

src/index.scss 1:9  root stylesheet @ webpack-internal:///(app-pages-browser)/./node_modules/next/dist/client/dev/hot-reloader/app/hot-reloader-app.js:241
[  824092ms] [WARNING] ./src/index.scss.webpack[javascript/auto]!=!./node_modules/next/dist/build/webpack/loaders/css-loader/src/index.js??ruleSet[1].rules[14].oneOf[11].use[2]!./node_modules/next/dist/build/webpack/loaders/postcss-loader/src/index.js??ruleSet[1].rules[14].oneOf[11].use[3]!./node_modules/next/dist/build/webpack/loaders/resolve-url-loader/index.js??ruleSet[1].rules[14].oneOf[11].use[4]!./node_modules/next/dist/compiled/sass-loader/cjs.js??ruleSet[1].rules[14].oneOf[11].use[5]!./src/index.scss
Deprecation Warning on line 5, column 8 of file:///Users/vlady/Projects/excelero/exelero-yachting/public/assets/scss/app.scss:5:8:
Sass @import rules are deprecated and will be removed in Dart Sass 3.0.0.

More info and automated migrator: https://sass-lang.com/d/import

5 | @import "swiper/css";

public/assets/scss/app.scss 6:9  @import
src/index.scss 1:9               root stylesheet @ webpack-internal:///(app-pages-browser)/./node_modules/next/dist/client/dev/hot-reloader/app/hot-reloader-app.js:241
[  824092ms] [WARNING] ./src/index.scss.webpack[javascript/auto]!=!./node_modules/next/dist/build/webpack/loaders/css-loader/src/index.js??ruleSet[1].rules[14].oneOf[11].use[2]!./node_modules/next/dist/build/webpack/loaders/postcss-loader/src/index.js??ruleSet[1].rules[14].oneOf[11].use[3]!./node_modules/next/dist/build/webpack/loaders/resolve-url-loader/index.js??ruleSet[1].rules[14].oneOf[11].use[4]!./node_modules/next/dist/compiled/sass-loader/cjs.js??ruleSet[1].rules[14].oneOf[11].use[5]!./src/index.scss
Deprecation Warning on line 6, column 8 of file:///Users/vlady/Projects/excelero/exelero-yachting/public/assets/scss/app.scss:6:8:
Sass @import rules are deprecated and will be removed in Dart Sass 3.0.0.

More info and automated migrator: https://sass-lang.com/d/import

6 | @import "swiper/css/pagination";

public/assets/scss/app.scss 7:9  @import
src/index.scss 1:9               root stylesheet @ webpack-internal:///(app-pages-browser)/./node_modules/next/dist/client/dev/hot-reloader/app/hot-reloader-app.js:241
[  824092ms] [WARNING] ./src/index.scss.webpack[javascript/auto]!=!./node_modules/next/dist/build/webpack/loaders/css-loader/src/index.js??ruleSet[1].rules[14].oneOf[11].use[2]!./node_modules/next/dist/build/webpack/loaders/postcss-loader/src/index.js??ruleSet[1].rules[14].oneOf[11].use[3]!./node_modules/next/dist/build/webpack/loaders/resolve-url-loader/index.js??ruleSet[1].rules[14].oneOf[11].use[4]!./node_modules/next/dist/compiled/sass-loader/cjs.js??ruleSet[1].rules[14].oneOf[11].use[5]!./src/index.scss
Deprecation Warning on line 7, column 8 of file:///Users/vlady/Projects/excelero/exelero-yachting/public/assets/scss/app.scss:7:8:
Sass @import rules are deprecated and will be removed in Dart Sass 3.0.0.

More info and automated migrator: https://sass-lang.com/d/import

7 | @import "swiper/css/navigation";

public/assets/scss/app.scss 8:9  @import
src/index.scss 1:9               root stylesheet @ webpack-internal:///(app-pages-browser)/./node_modules/next/dist/client/dev/hot-reloader/app/hot-reloader-app.js:241
[  824092ms] [WARNING] ./src/index.scss.webpack[javascript/auto]!=!./node_modules/next/dist/build/webpack/loaders/css-loader/src/index.js??ruleSet[1].rules[14].oneOf[11].use[2]!./node_modules/next/dist/build/webpack/loaders/postcss-loader/src/index.js??ruleSet[1].rules[14].oneOf[11].use[3]!./node_modules/next/dist/build/webpack/loaders/resolve-url-loader/index.js??ruleSet[1].rules[14].oneOf[11].use[4]!./node_modules/next/dist/compiled/sass-loader/cjs.js??ruleSet[1].rules[14].oneOf[11].use[5]!./src/index.scss
Deprecation Warning on line 8, column 8 of file:///Users/vlady/Projects/excelero/exelero-yachting/public/assets/scss/app.scss:8:8:
Sass @import rules are deprecated and will be removed in Dart Sass 3.0.0.

More info and automated migrator: https://sass-lang.com/d/import

8 | @import "swiper/css/grid";

public/assets/scss/app.scss 9:9  @import
src/index.scss 1:9               root stylesheet @ webpack-internal:///(app-pages-browser)/./node_modules/next/dist/client/dev/hot-reloader/app/hot-reloader-app.js:241
[  824093ms] [WARNING] There were more warnings in other files.
You can find a complete log in the terminal. @ webpack-internal:///(app-pages-browser)/./node_modules/next/dist/client/dev/hot-reloader/app/hot-reloader-app.js:238
[  824616ms] [VERBOSE] [DOM] Password forms should have (optionally hidden) username fields for accessibility: (More info: https://goo.gl/9p2vKq) %o @ http://localhost:3002/account?tab=account-settings:0
[  916513ms] [LOG] [Fast Refresh] rebuilding @ webpack-internal:///(app-pages-browser)/./node_modules/next/dist/client/dev/hot-reloader/app/hot-reloader-app.js:196
[  918117ms] [LOG] [Fast Refresh] done in 1604ms @ webpack-internal:///(app-pages-browser)/./node_modules/next/dist/client/dev/report-hmr-latency.js:13
[  918162ms] [LOG] [HMR] Detected local css modules. Reload all css @ webpack-internal:///(app-pages-browser)/./node_modules/next/dist/compiled/mini-css-extract-plugin/hmr/hotModuleReplacement.js:1
[  918526ms] [VERBOSE] [DOM] Password forms should have (optionally hidden) username fields for accessibility: (More info: https://goo.gl/9p2vKq) %o @ http://localhost:3002/account?tab=account-settings:0
[  991719ms] [INFO] %cDownload the React DevTools for a better development experience: https://react.dev/link/react-devtools font-weight:bold @ webpack-internal:///(app-pages-browser)/./node_modules/next/dist/compiled/react-dom/cjs/react-dom-client.development.js:25630
[  993081ms] [INFO] %cDownload the React DevTools for a better development experience: https://react.dev/link/react-devtools font-weight:bold @ webpack-internal:///(app-pages-browser)/./node_modules/next/dist/compiled/react-dom/cjs/react-dom-client.development.js:25630
[  994995ms] [INFO] %cDownload the React DevTools for a better development experience: https://react.dev/link/react-devtools font-weight:bold @ webpack-internal:///(app-pages-browser)/./node_modules/next/dist/compiled/react-dom/cjs/react-dom-client.development.js:25630
[  995482ms] [ERROR] Failed to load resource: the server responded with a status of 406 (Not Acceptable) @ http://127.0.0.1:54321/rest/v1/boat_images?select=link&boat_id=eq.822e0f8f-5018-4929-9d3f-1ce20c77948e&media_type=eq.image&order=display_order.asc&limit=1:0
[  995490ms] [ERROR] Failed to load resource: the server responded with a status of 406 (Not Acceptable) @ http://127.0.0.1:54321/rest/v1/boat_images?select=link&boat_id=eq.822e0f8f-5018-4929-9d3f-1ce20c77948e&media_type=eq.image&order=display_order.asc&limit=1:0
[ 1076451ms] [LOG] [Fast Refresh] rebuilding @ webpack-internal:///(app-pages-browser)/./node_modules/next/dist/client/dev/hot-reloader/app/hot-reloader-app.js:196
[ 1077935ms] [LOG] [Fast Refresh] done in 1484ms @ webpack-internal:///(app-pages-browser)/./node_modules/next/dist/client/dev/report-hmr-latency.js:13
[ 1077976ms] [LOG] [HMR] Detected local css modules. Reload all css @ webpack-internal:///(app-pages-browser)/./node_modules/next/dist/compiled/mini-css-extract-plugin/hmr/hotModuleReplacement.js:1
[ 1131540ms] [INFO] %cDownload the React DevTools for a better development experience: https://react.dev/link/react-devtools font-weight:bold @ webpack-internal:///(app-pages-browser)/./node_modules/next/dist/compiled/react-dom/cjs/react-dom-client.development.js:25630
